###############################################################################
#
# IAR ELF Linker V7.30.4.8167/W32 for ARM                 30/Nov/2017  09:59:32
# Copyright 2007-2014 IAR Systems AB.
#
#    Output file  =  
#        E:\MiCO_B_v3.2.3-1\Projects\MW3xx\demo\EWARM\MK3031\Exe\COM.MXCHIP.BASIC.out
#    Map file     =  
#        E:\MiCO_B_v3.2.3-1\Projects\MW3xx\demo\EWARM\MK3031\List\COM.MXCHIP.BASIC.map
#    Command line =  
#        E:\MiCO_B_v3.2.3-1\Projects\MW3xx\demo\EWARM\MK3031\Obj\AESUtils.o
#        E:\MiCO_B_v3.2.3-1\Projects\MW3xx\demo\EWARM\MK3031\Obj\airkiss_discovery.o
#        E:\MiCO_B_v3.2.3-1\Projects\MW3xx\demo\EWARM\MK3031\Obj\appmainmsgqueue.o
#        E:\MiCO_B_v3.2.3-1\Projects\MW3xx\demo\EWARM\MK3031\Obj\arraylist.o
#        E:\MiCO_B_v3.2.3-1\Projects\MW3xx\demo\EWARM\MK3031\Obj\AsciiLib.o
#        E:\MiCO_B_v3.2.3-1\Projects\MW3xx\demo\EWARM\MK3031\Obj\base64.o
#        E:\MiCO_B_v3.2.3-1\Projects\MW3xx\demo\EWARM\MK3031\Obj\button.o
#        E:\MiCO_B_v3.2.3-1\Projects\MW3xx\demo\EWARM\MK3031\Obj\CheckSumUtils.o
#        E:\MiCO_B_v3.2.3-1\Projects\MW3xx\demo\EWARM\MK3031\Obj\cJSON.o
#        E:\MiCO_B_v3.2.3-1\Projects\MW3xx\demo\EWARM\MK3031\Obj\config_server.o
#        E:\MiCO_B_v3.2.3-1\Projects\MW3xx\demo\EWARM\MK3031\Obj\config_server_menu.o
#        E:\MiCO_B_v3.2.3-1\Projects\MW3xx\demo\EWARM\MK3031\Obj\devicemanager.o
#        E:\MiCO_B_v3.2.3-1\Projects\MW3xx\demo\EWARM\MK3031\Obj\hsb2rgb_led.o
#        E:\MiCO_B_v3.2.3-1\Projects\MW3xx\demo\EWARM\MK3031\Obj\http-strings.o
#        E:\MiCO_B_v3.2.3-1\Projects\MW3xx\demo\EWARM\MK3031\Obj\http_parse.o
#        E:\MiCO_B_v3.2.3-1\Projects\MW3xx\demo\EWARM\MK3031\Obj\httpd.o
#        E:\MiCO_B_v3.2.3-1\Projects\MW3xx\demo\EWARM\MK3031\Obj\httpd_handle.o
#        E:\MiCO_B_v3.2.3-1\Projects\MW3xx\demo\EWARM\MK3031\Obj\httpd_ssi.o
#        E:\MiCO_B_v3.2.3-1\Projects\MW3xx\demo\EWARM\MK3031\Obj\httpd_sys.o
#        E:\MiCO_B_v3.2.3-1\Projects\MW3xx\demo\EWARM\MK3031\Obj\httpd_wsgi.o
#        E:\MiCO_B_v3.2.3-1\Projects\MW3xx\demo\EWARM\MK3031\Obj\HTTPUtils.o
#        E:\MiCO_B_v3.2.3-1\Projects\MW3xx\demo\EWARM\MK3031\Obj\json_object.o
#        E:\MiCO_B_v3.2.3-1\Projects\MW3xx\demo\EWARM\MK3031\Obj\json_tokener.o
#        E:\MiCO_B_v3.2.3-1\Projects\MW3xx\demo\EWARM\MK3031\Obj\json_util.o
#        E:\MiCO_B_v3.2.3-1\libraries\daemons\homekit_server\Lib_HomeKit_Server.Cortex-M4F.IAR.release.a
#        E:\MiCO_B_v3.2.3-1\MiCO\system\easylink\MFi_WAC\Lib_MFi_WAC.Cortex-M4F.IAR.release.a
#        E:\MiCO_B_v3.2.3-1\MiCO\security\Sodium\Lib_Sodium.IAR.release.a
#        E:\MiCO_B_v3.2.3-1\MiCO\security\SRP_6a\Lib_SRP6a.IAR.release.a
#        E:\MiCO_B_v3.2.3-1\demos\application\xlinksrc\Lib_xlink_app_v34700.Cortex-M4.GCC.release.a
#        E:\MiCO_B_v3.2.3-1\MiCO\system\easylink\airkiss_discovery\lib_airkiss\libairkiss.a
#        E:\MiCO_B_v3.2.3-1\Projects\MW3xx\demo\EWARM\MK3031\Obj\linkagemanager.o
#        E:\MiCO_B_v3.2.3-1\Projects\MW3xx\demo\EWARM\MK3031\Obj\linkhash.o
#        E:\MiCO_B_v3.2.3-1\Projects\MW3xx\demo\EWARM\MK3031\Obj\mico_cli.o
#        E:\MiCO_B_v3.2.3-1\Projects\MW3xx\demo\EWARM\MK3031\Obj\mico_config.o
#        E:\MiCO_B_v3.2.3-1\Projects\MW3xx\demo\EWARM\MK3031\Obj\mico_mdns.o
#        E:\MiCO_B_v3.2.3-1\Projects\MW3xx\demo\EWARM\MK3031\Obj\mico_rtos.o
#        E:\MiCO_B_v3.2.3-1\Projects\MW3xx\demo\EWARM\MK3031\Obj\mico_rtos_common.o
#        E:\MiCO_B_v3.2.3-1\Projects\MW3xx\demo\EWARM\MK3031\Obj\mico_socket.o
#        E:\MiCO_B_v3.2.3-1\Projects\MW3xx\demo\EWARM\MK3031\Obj\mico_ssl.o
#        E:\MiCO_B_v3.2.3-1\Projects\MW3xx\demo\EWARM\MK3031\Obj\mico_system_init.o
#        E:\MiCO_B_v3.2.3-1\Projects\MW3xx\demo\EWARM\MK3031\Obj\mico_system_monitor.o
#        E:\MiCO_B_v3.2.3-1\Projects\MW3xx\demo\EWARM\MK3031\Obj\mico_system_notification.o
#        E:\MiCO_B_v3.2.3-1\Projects\MW3xx\demo\EWARM\MK3031\Obj\mico_system_para_storage.o
#        E:\MiCO_B_v3.2.3-1\Projects\MW3xx\demo\EWARM\MK3031\Obj\mico_system_power_daemon.o
#        E:\MiCO_B_v3.2.3-1\Projects\MW3xx\demo\EWARM\MK3031\Obj\mico_system_time.o
#        E:\MiCO_B_v3.2.3-1\Projects\MW3xx\demo\EWARM\MK3031\Obj\MICOAppEntrance.o
#        E:\MiCO_B_v3.2.3-1\Projects\MW3xx\demo\EWARM\MK3031\Obj\MICOBonjour.o
#        E:\MiCO_B_v3.2.3-1\libraries\drivers\MiCODriverMFiAuth\MiCODriverMFiAuth.a
#        E:\MiCO_B_v3.2.3-1\Projects\MW3xx\demo\EWARM\MK3031\Obj\MiCOKit_STmems.o
#        E:\MiCO_B_v3.2.3-1\Projects\MW3xx\demo\EWARM\MK3031\Obj\moc_api.o
#        E:\MiCO_B_v3.2.3-1\Projects\MW3xx\demo\EWARM\MK3031\Obj\moc_main.o
#        E:\MiCO_B_v3.2.3-1\Projects\MW3xx\demo\EWARM\MK3031\Obj\moc_platform_common.o
#        E:\MiCO_B_v3.2.3-1\Projects\MW3xx\demo\EWARM\MK3031\Obj\networkserver.o
#        E:\MiCO_B_v3.2.3-1\Projects\MW3xx\demo\EWARM\MK3031\Obj\oled.o
#        E:\MiCO_B_v3.2.3-1\Projects\MW3xx\demo\EWARM\MK3031\Obj\OTAupgrade.o
#        E:\MiCO_B_v3.2.3-1\Projects\MW3xx\demo\EWARM\MK3031\Obj\panelmanager.o
#        E:\MiCO_B_v3.2.3-1\Projects\MW3xx\demo\EWARM\MK3031\Obj\platform.o
#        E:\MiCO_B_v3.2.3-1\Projects\MW3xx\demo\EWARM\MK3031\Obj\platform_core.o
#        E:\MiCO_B_v3.2.3-1\Projects\MW3xx\demo\EWARM\MK3031\Obj\platform_nsclock.o
#        E:\MiCO_B_v3.2.3-1\Projects\MW3xx\demo\EWARM\MK3031\Obj\printbuf.o
#        E:\MiCO_B_v3.2.3-1\Projects\MW3xx\demo\EWARM\MK3031\Obj\qc_test.o
#        E:\MiCO_B_v3.2.3-1\Projects\MW3xx\demo\EWARM\MK3031\Obj\qc_test_cli.o
#        E:\MiCO_B_v3.2.3-1\Projects\MW3xx\demo\EWARM\MK3031\Obj\qc_test_gpio.o
#        E:\MiCO_B_v3.2.3-1\Projects\MW3xx\demo\EWARM\MK3031\Obj\qc_test_tcpip.o
#        E:\MiCO_B_v3.2.3-1\Projects\MW3xx\demo\EWARM\MK3031\Obj\RemoteTcpClient.o
#        E:\MiCO_B_v3.2.3-1\Projects\MW3xx\demo\EWARM\MK3031\Obj\Retarget.o
#        E:\MiCO_B_v3.2.3-1\Projects\MW3xx\demo\EWARM\MK3031\Obj\rgb_led.o
#        E:\MiCO_B_v3.2.3-1\Projects\MW3xx\demo\EWARM\MK3031\Obj\RingBufferUtils.o
#        E:\MiCO_B_v3.2.3-1\Projects\MW3xx\demo\EWARM\MK3031\Obj\rs485_comm.o
#        E:\MiCO_B_v3.2.3-1\Projects\MW3xx\demo\EWARM\MK3031\Obj\rs485_uart.o
#        E:\MiCO_B_v3.2.3-1\Projects\MW3xx\demo\EWARM\MK3031\Obj\rs485parse.o
#        E:\MiCO_B_v3.2.3-1\Projects\MW3xx\demo\EWARM\MK3031\Obj\rs485sensorparse.o
#        E:\MiCO_B_v3.2.3-1\Projects\MW3xx\demo\EWARM\MK3031\Obj\scenemanager.o
#        E:\MiCO_B_v3.2.3-1\Projects\MW3xx\demo\EWARM\MK3031\Obj\SecurityUtils.o
#        E:\MiCO_B_v3.2.3-1\Projects\MW3xx\demo\EWARM\MK3031\Obj\sensormanager.o
#        E:\MiCO_B_v3.2.3-1\Projects\MW3xx\demo\EWARM\MK3031\Obj\SHAUtils.o
#        E:\MiCO_B_v3.2.3-1\Projects\MW3xx\demo\EWARM\MK3031\Obj\sntp.o
#        E:\MiCO_B_v3.2.3-1\Projects\MW3xx\demo\EWARM\MK3031\Obj\SocketUtils.o
#        E:\MiCO_B_v3.2.3-1\Projects\MW3xx\demo\EWARM\MK3031\Obj\SppProtocol.o
#        E:\MiCO_B_v3.2.3-1\Projects\MW3xx\demo\EWARM\MK3031\Obj\StringUtils.o
#        E:\MiCO_B_v3.2.3-1\Projects\MW3xx\demo\EWARM\MK3031\Obj\system_discovery.o
#        E:\MiCO_B_v3.2.3-1\Projects\MW3xx\demo\EWARM\MK3031\Obj\system_easylink.o
#        E:\MiCO_B_v3.2.3-1\Projects\MW3xx\demo\EWARM\MK3031\Obj\system_easylink_delegate.o
#        E:\MiCO_B_v3.2.3-1\Projects\MW3xx\demo\EWARM\MK3031\Obj\system_easylink_wac.o
#        E:\MiCO_B_v3.2.3-1\Projects\MW3xx\demo\EWARM\MK3031\Obj\system_misc.o
#        E:\MiCO_B_v3.2.3-1\Projects\MW3xx\demo\EWARM\MK3031\Obj\tftp_ota.o
#        E:\MiCO_B_v3.2.3-1\Projects\MW3xx\demo\EWARM\MK3031\Obj\tftpc.o
#        E:\MiCO_B_v3.2.3-1\Projects\MW3xx\demo\EWARM\MK3031\Obj\timer_task.o
#        E:\MiCO_B_v3.2.3-1\Projects\MW3xx\demo\EWARM\MK3031\Obj\timercontrol.o
#        E:\MiCO_B_v3.2.3-1\Projects\MW3xx\demo\EWARM\MK3031\Obj\timerctrl.o
#        E:\MiCO_B_v3.2.3-1\Projects\MW3xx\demo\EWARM\MK3031\Obj\timerinterexec.o
#        E:\MiCO_B_v3.2.3-1\Projects\MW3xx\demo\EWARM\MK3031\Obj\TimeUtils.o
#        E:\MiCO_B_v3.2.3-1\Projects\MW3xx\demo\EWARM\MK3031\Obj\TLVUtils.o
#        E:\MiCO_B_v3.2.3-1\Projects\MW3xx\demo\EWARM\MK3031\Obj\URLUtils.o
#        E:\MiCO_B_v3.2.3-1\Projects\MW3xx\demo\EWARM\MK3031\Obj\user_data_store.o
#        E:\MiCO_B_v3.2.3-1\Projects\MW3xx\demo\EWARM\MK3031\Obj\user_main.o
#        E:\MiCO_B_v3.2.3-1\Projects\MW3xx\demo\EWARM\MK3031\Obj\user_uart.o
#        E:\MiCO_B_v3.2.3-1\Projects\MW3xx\demo\EWARM\MK3031\Obj\wifi_led.o
#        E:\MiCO_B_v3.2.3-1\Projects\MW3xx\demo\EWARM\MK3031\Obj\xlink_config.o
#        E:\MiCO_B_v3.2.3-1\Projects\MW3xx\demo\EWARM\MK3031\Obj\xlink_DataPointProcess.o
#        E:\MiCO_B_v3.2.3-1\Projects\MW3xx\demo\EWARM\MK3031\Obj\xlink_demo.o
#        E:\MiCO_B_v3.2.3-1\Projects\MW3xx\demo\EWARM\MK3031\Obj\Xlink_PassThroughProtocol.o
#        E:\MiCO_B_v3.2.3-1\Projects\MW3xx\demo\EWARM\MK3031\Obj\Xlink_PassThroughResolve.o
#        E:\MiCO_B_v3.2.3-1\Projects\MW3xx\demo\EWARM\MK3031\Obj\xlink_ringbuf.o
#        E:\MiCO_B_v3.2.3-1\Projects\MW3xx\demo\EWARM\MK3031\Obj\xlinkHttp.o
#        E:\MiCO_B_v3.2.3-1\Projects\MW3xx\demo\EWARM\MK3031\Obj\zigbeeparse.o
#        -o
#        E:\MiCO_B_v3.2.3-1\Projects\MW3xx\demo\EWARM\MK3031\Exe\COM.MXCHIP.BASIC.out
#        --map
#        E:\MiCO_B_v3.2.3-1\Projects\MW3xx\demo\EWARM\MK3031\List\COM.MXCHIP.BASIC.map
#        --config
#        E:\MiCO_B_v3.2.3-1\Projects\MW3xx\demo\EWARM\..\..\..\..\Platform\MCU\MW3xx\interface\user_app.icf
#        --redirect malloc=_malloc --redirect free=_free --redirect
#        calloc=_calloc --redirect realloc=_realloc --semihosting
#        E:\dev\MiCO_B_v3.2.3\demos\application\xlinksrc\Lib_xlink_app_v34700.Cortex-M4.GCC.release.a
#        --entry moc_app_main --vfe --enable_stack_usage
#
###############################################################################

*******************************************************************************
*** MESSAGES
***

Warning[Lt009]: Inconsistent wchar_t size
          E:\MiCO_B_v3.2.3-1\Projects\MW3xx\demo\EWARM\MK3031\Obj\AESUtils.o
                    and 193 other objects have wchar_t size 16 bits
          xlink_system.o(Lib_xlink_app_v34700.Cortex-M4.GCC.release.a) and 9
                    other objects have wchar_t size 32 bits
Warning[Lo007]: [stack usage analysis] at least one function does not have
          stack usage information. Example: "XlinkSystemSetDeviceName". A
          complete list of such functions is in the map file.
Warning[Lo009]: [stack usage analysis] the program contains at least one
          indirect call. Example: from "moc_app_main". A complete list of such
          functions is in the map file.
Warning[Lo010]: [stack usage analysis] the program contains at least one
          instance of recursion for which  stack usage analysis has not been
          able to calculate a maximum stack depth. One function involved is
          "cJSON_Delete". A complete list of all recursion nests is in the map
          file.


*******************************************************************************
*** RUNTIME MODEL ATTRIBUTES
***

CppFlavor                     = *
__SystemLibrary               = DLib
__dlib_dynamic_initialization = normal


*******************************************************************************
*** PLACEMENT SUMMARY
***

"A1":  place at 0x1f064000 { section user_header_section };
"P1":  place in [from 0x1f064000 to 0x1f0a9000] { ro };
"A2":  place at start of [0x0011c000-0x00128000] { rw };
"P2":  place in [from 0x0011c000 to 0x00128000] { block heap_start };

  Section                 Kind        Address     Size  Object
  -------                 ----        -------     ----  ------
"A2":                                           0x2354
  rw-1                             0x0011c000    0x3fc  <Init block>
    .data                 inited   0x0011c000     0xc8  button.o [1]
    .data                 inited   0x0011c0c8      0xc  cJSON.o [1]
    .data                 inited   0x0011c0d4      0x4  json_object.o [1]
    .data                 inited   0x0011c0d8      0x4  json_object.o [1]
    .data                 inited   0x0011c0dc      0x4  json_tokener.o [1]
    .data                 inited   0x0011c0e0      0x4  mico_config.o [1]
    .data                 inited   0x0011c0e4      0x4  mico_config.o [1]
    .data                 inited   0x0011c0e8     0x20  mico_mdns.o [1]
    .data                 inited   0x0011c108     0x10  mico_rtos_common.o [1]
    .data                 inited   0x0011c118     0x40  xfiles.o [6]
    .data                 inited   0x0011c158     0x40  xfiles.o [6]
    .data                 inited   0x0011c198     0x40  xfiles.o [6]
    .data                 inited   0x0011c1d8     0x20  xfiles.o [6]
    .data.Xlink_TCP_ConnectPort
                          inited   0x0011c1f8      0x4  xlink_net.o [4]
    .data.dayOfMonth      inited   0x0011c1fc     0x30  xlink_system.o [4]
    .data.g_tcpConnectDelayTime
                          inited   0x0011c22c      0x4  xlink_net.o [4]
    .data.g_xlink_hostNameOrIp
                          inited   0x0011c230      0x4  xlink_net.o [4]
    __DLIB_PERTHREAD      inited   0x0011c234      0x4  errno.o [6]
    __DLIB_PERTHREAD      inited   0x0011c238     0x8c  rand.o [6]
    __DLIB_PERTHREAD      inited   0x0011c2c4      0x8  localtim.o [6]
    __DLIB_PERTHREAD      inited   0x0011c2cc     0x74  setlocale.o [6]
    __DLIB_PERTHREAD      inited   0x0011c340     0x2c  xttotm.o [6]
    __DLIB_PERTHREAD      inited   0x0011c36c     0x88  localeconv.o [6]
    __DLIB_PERTHREAD      inited   0x0011c3f4      0x4  xisdst.o [6]
    __DLIB_PERTHREAD      inited   0x0011c3f8      0x4  xisdstData.o [6]
  .bss                    zero     0x0011c400      0xc  mico_system_time.o [1]
  .bss                    zero     0x0011c40c     0x1c  config_server.o [1]
  .bss                    zero     0x0011c428     0x14  platform_nsclock.o [1]
  .bss                    zero     0x0011c43c      0x8  airkiss_discovery.o [1]
  .bss                    zero     0x0011c444     0x20  appmainmsgqueue.o [1]
  .bss                    zero     0x0011c464     0x58  mico_cli.o [1]
  .bss                    zero     0x0011c4bc     0x80  mico_mdns.o [1]
  .bss                    zero     0x0011c53c      0x4  mico_rtos.o [1]
  .bss                    zero     0x0011c540     0x10  mico_rtos_common.o [1]
  .bss                    zero     0x0011c550     0x28  mico_system_monitor.o [1]
  .bss                    zero     0x0011c578     0x50  mico_system_notification.o [1]
  .bss                    zero     0x0011c5c8      0x8  mico_system_para_storage.o [1]
  .bss                    zero     0x0011c5d0     0x1c  mico_system_power_daemon.o [1]
  .bss                    zero     0x0011c5ec      0x4  MICOAppEntrance.o [1]
  .bss                    zero     0x0011c5f0      0x8  moc_main.o [1]
  .bss                    zero     0x0011c5f8      0x4  OTAupgrade.o [1]
  .bss                    zero     0x0011c5fc      0x4  OTAupgrade.o [1]
  .bss                    zero     0x0011c600     0x80  OTAupgrade.o [1]
  .bss                    zero     0x0011c680    0x214  rs485_uart.o [1]
  .bss                    zero     0x0011c894      0xc  rs485_uart.o [1]
  .bss                    zero     0x0011c8a0      0x4  rs485_uart.o [1]
  .bss                    zero     0x0011c8a4     0x15  rs485sensorparse.o [1]
  .bss                    zero     0x0011c8b9      0x2  xlink_demo.o [1]
  .bss                    zero     0x0011c8bb      0x1  printbuf.o [1]
  .bss                    zero     0x0011c8bc     0x10  sensormanager.o [1]
  .bss                    zero     0x0011c8cc      0x4  sensormanager.o [1]
  .bss                    zero     0x0011c8d0     0x14  system_easylink.o [1]
  .bss                    zero     0x0011c8e4     0x10  system_easylink_delegate.o [1]
  .bss                    zero     0x0011c8f4      0x4  tftp_ota.o [1]
  .bss                    zero     0x0011c8f8      0x8  timer_task.o [1]
  .bss                    zero     0x0011c900     0x5c  timerctrl.o [1]
  .bss                    zero     0x0011c95c      0x4  user_data_store.o [1]
  .bss                    zero     0x0011c960     0xb4  user_main.o [1]
  .bss                    zero     0x0011ca14    0x410  user_uart.o [1]
  .bss                    zero     0x0011ce24    0x40c  user_uart.o [1]
  .bss                    zero     0x0011d230      0x4  xlink_config.o [1]
  .bss                    zero     0x0011d234    0x4b0  xlink_DataPointProcess.o [1]
  .bss                    zero     0x0011d6e4     0x10  xlink_demo.o [1]
  .bss                    zero     0x0011d6f4     0x70  xlink_demo.o [1]
  .bss                    zero     0x0011d764      0x8  xlink_demo.o [1]
  .bss                    zero     0x0011d76c    0x138  xlink_demo.o [1]
  .bss                    zero     0x0011d8a4      0x4  xlink_demo.o [1]
  .bss                    zero     0x0011d8a8     0x25  xlink_demo.o [1]
  .bss.m_currentSystemTime
                          zero     0x0011d8ce      0xa  xlink_system.o [4]
  .bss                    zero     0x0011d8d8      0x8  xlinkHttp.o [1]
  .bss                    zero     0x0011d8e0      0x8  zigbeeparse.o [1]
  .bss                    zero     0x0011d8e8     0x50  xfiles.o [6]
  .bss                    zero     0x0011d938     0x50  xfiles.o [6]
  .bss                    zero     0x0011d988     0x80  XShHandles.o [6]
  .bss.addr.7801          zero     0x0011da08     0x10  xlink_net.o [4]
  .bss.g_RecvDataBuffer   zero     0x0011da18      0x4  xlink_net.o [4]
  .bss.g_maxfd            zero     0x0011da1c      0x4  xlink_net.o [4]
  .bss.g_xlink_client     zero     0x0011da20    0x380  xlink_client.o [4]
  .bss.g_xlink_info       zero     0x0011dda0     0x80  xlink_data.o [4]
  .bss.g_xlink_proTest    zero     0x0011de20     0x10  xlink_data.o [4]
  .bss.g_xlink_user_config
                          zero     0x0011de30      0x4  xlink_data.o [4]
  .bss.last_check_heartbeat
                          zero     0x0011de34      0x4  xlink_net.o [4]
  .bss.m_fd_set           zero     0x0011de38      0x8  xlink_net.o [4]
  .bss.m_old_getTime      zero     0x0011de40      0x4  xlink_system.o [4]
  .bss.m_tcp_client       zero     0x0011de44      0x8  xlink_tcp_client.o [4]
  .bss.tcp_timer          zero     0x0011de4c      0x8  xlink_tcp_client.o [4]
  .bss.timeoutal.7819     zero     0x0011de54      0x8  xlink_net.o [4]
  .bss.xlink_event        zero     0x0011de5c      0x4  xlink_net.o [4]
  .bss.xsdk_flash         zero     0x0011de60     0xac  xsdk_config.o [4]
  .bss                    zero     0x0011df0c      0x4  Xlink_PassThroughResolve.o [1]
  .bss.temptime.7741      zero     0x0011df10      0xa  xlink_process_tcp_data.o [4]
  .bss                    zero     0x0011df1a      0x1  rs485_comm.o [1]
  .bss.g_isWork           zero     0x0011df1b      0x1  xlink_net.o [4]
  .bss.g_xlink_udp_scan_en
                          zero     0x0011df1c      0x1  xlink_process_udp_data.o [4]
  .bss.isSystemInited     zero     0x0011df1d      0x1  xlink_system.o [4]
  .bss.m_systemFlag       zero     0x0011df1e      0x1  xlink_system.o [4]
  .bss.udpPipeIndex       zero     0x0011df1f      0x1  xlink_process_udp_data.o [4]
  .bss.xlink_recvDtatBufer.7737
                          zero     0x0011df20    0x432  xlink_net.o [4]
                                 - 0x0011e352   0x2352

"P2":                                              0x4
  heap_start                       0x0011e354      0x4  <Block>
    .ram_data_end         zero     0x0011e354      0x4  moc_main.o [1]
                                 - 0x0011e358      0x4

"A1":                                             0x74
  user_header_section     const    0x1f064000     0x74  moc_main.o [1]
                                 - 0x1f064074     0x74

"P1":                                          0x34e6a
  .text                   ro code  0x1f064074   0x46ec  devicemanager.o [1]
  .text                   ro code  0x1f068760    0x868  MICOAppEntrance.o [1]
  .text                   ro code  0x1f068fc8    0x128  mico_rtos.o [1]
  .text                   ro code  0x1f0690f0     0x18  strrchr.o [6]
  .text                   ro code  0x1f069108     0x24  printf.o [6]
  .text                   ro code  0x1f06912c    0x49c  user_uart.o [1]
  .text                   ro code  0x1f0695c8     0x76  ABImemcpy_unaligned.o [9]
  .rodata.str1.1          const    0x1f06963e     0x4e  xsdk_config.o [4]
  .text                   ro code  0x1f06968c     0x62  memcmp_unaligned.o [9]
  .rodata.__FUNCTION__.7993
                          const    0x1f0696ee     0x22  xlink_process_udp_data.o [4]
  .text                   ro code  0x1f069710      0x6  ABImemclr4.o [9]
  .text                   ro code  0x1f069716     0x22  zero_init3.o [9]
  .text                   ro code  0x1f069738    0x6a0  timerinterexec.o [1]
  .text                   ro code  0x1f069dd8   0x1258  mico_system_para_storage.o [1]
  .text                   ro code  0x1f06b030    0x39c  mico_rtos_common.o [1]
  .text                   ro code  0x1f06b3cc      0x6  ABImemclr.o [9]
  .text                   ro code  0x1f06b3d2     0x1e  xsscin.o [6]
  .text                   ro code  0x1f06b3f0    0x2f4  user_data_store.o [1]
  .text                   ro code  0x1f06b6e4   0x2968  timercontrol.o [1]
  .text                   ro code  0x1f06e04c    0x198  xstoul.o [6]
  .text                   ro code  0x1f06e1e4    0x8ac  user_main.o [1]
  .text                   ro code  0x1f06ea90   0x27a0  zigbeeparse.o [1]
  .text                   ro code  0x1f071230   0x2500  sensormanager.o [1]
  .text                   ro code  0x1f073730     0x2a  strncmp.o [6]
  .text                   ro code  0x1f07375a     0x88  xstol.o [6]
  .rodata.__FUNCTION__.7849
                          const    0x1f0737e2     0x1a  xlink_process_tcp_data.o [4]
  .text                   ro code  0x1f0737fc    0x374  wifi_led.o [1]
  .text                   ro code  0x1f073b70     0x34  sprintf.o [6]
  .text                   ro code  0x1f073ba4    0x490  config_server_menu.o [1]
  .text                   ro code  0x1f074034    0x5f0  json_object.o [1]
  .text                   ro code  0x1f074624     0x42  strcmp_unaligned.o [9]
  .rodata.__FUNCTION__.7864
                          const    0x1f074666     0x1a  xlink_process_tcp_data.o [4]
  .text                   ro code  0x1f074680     0x6c  strncpy_unaligned.o [9]
  .text                   ro code  0x1f0746ec   0x1160  xlink_demo.o [1]
  .text                   ro code  0x1f07584c     0x40  Retarget.o [1]
  .text                   ro code  0x1f07588c    0x66c  mico_system_init.o [1]
  .text                   ro code  0x1f075ef8    0x3b0  MICOBonjour.o [1]
  .text                   ro code  0x1f0762a8    0xe08  system_misc.o [1]
  .text                   ro code  0x1f0770b0    0x2f4  moc_api.o [1]
  .text                   ro code  0x1f0773a4    0xd92  xprintffull_nomb.o [6]
  .text                   ro code  0x1f078136     0x1a  xsnprout.o [6]
  .text                   ro code  0x1f078150     0x18  RingBufferUtils.o [1]
  .text                   ro code  0x1f078168     0x32  ABImemset48.o [9]
  .rodata.__FUNCTION__.7762
                          const    0x1f07819a     0x16  xlink_process_tcp_data.o [4]
  .text                   ro code  0x1f0781b0     0x36  strlen.o [9]
  .rodata.__FUNCTION__.8013
                          const    0x1f0781e6     0x16  xlink_process_udp_data.o [4]
  .text                   ro code  0x1f0781fc   0x12c0  appmainmsgqueue.o [1]
  .text                   ro code  0x1f0794bc    0x1b4  rs485_comm.o [1]
  .text                   ro code  0x1f079670     0x78  CheckSumUtils.o [1]
  .text                   ro code  0x1f0796e8     0x44  strcpy_unaligned.o [9]
  .text                   ro code  0x1f07972c     0x66  ABImemset.o [9]
  .rodata.__FUNCTION__.7857
                          const    0x1f079792      0xe  xlink_net.o [4]
  .text                   ro code  0x1f0797a0    0xb88  timer_task.o [1]
  .text                   ro code  0x1f07a328     0x20  srand.o [6]
  .text                   ro code  0x1f07a348     0xe0  rand.o [6]
  .text                   ro code  0x1f07a428     0x30  I32ToDbl.o [8]
  .text                   ro code  0x1f07a458    0xedc  cJSON.o [1]
  .text                   ro code  0x1f07b334     0x28  isxxx.o [6]
  .text                   ro code  0x1f07b35c     0x14  tolower.o [6]
  .text                   ro code  0x1f07b370     0x58  memchr.o [9]
  .text                   ro code  0x1f07b3c8      0xc  errno.o [6]
  .text                   ro code  0x1f07b3d4    0x584  timerctrl.o [1]
  .text                   ro code  0x1f07b958    0xa40  rs485sensorparse.o [1]
  .text                   ro code  0x1f07c398    0x3b8  mico_system_power_daemon.o [1]
  .text                   ro code  0x1f07c750    0x9b4  rs485parse.o [1]
  .text                   ro code  0x1f07d104   0x1888  networkserver.o [1]
  .text                   ro code  0x1f07e98c   0x3944  linkagemanager.o [1]
  .text                   ro code  0x1f0822d0    0x1a2  DblMul.o [8]
  .rodata.str1.1          const    0x1f082472      0xa  xlink_data.o [4]
  .text                   ro code  0x1f08247c     0x90  DblToFlt.o [8]
  .text                   ro code  0x1f08250c    0x146  printbuf.o [1]
  .text                   ro code  0x1f082652      0xa  xsprout.o [6]
  .text                   ro code  0x1f08265c    0x34c  linkhash.o [1]
  .text                   ro code  0x1f0829a8     0x18  strdup.o [6]
  .text                   ro code  0x1f0829c0     0x20  DblCmpEq.o [8]
  .text                   ro code  0x1f0829e0     0xe4  json_util.o [1]
  .text                   ro code  0x1f082ac4     0x58  DblToI32.o [8]
  .text                   ro code  0x1f082b1c     0xd4  arraylist.o [1]
  .text                   ro code  0x1f082bf0    0x3d4  Xlink_PassThroughResolve.o [1]
  .text                   ro code  0x1f082fc4     0x24  xlink_DataPointProcess.o [1]
  .text                   ro code  0x1f082fe8     0xd0  mktime.o [6]
  .text                   ro code  0x1f0830b8     0x5c  mico_system_time.o [1]
  .text                   ro code  0x1f083114    0x3f8  OTAupgrade.o [1]
  .text                   ro code  0x1f08350c    0x78c  xlinkHttp.o [1]
  .text                   ro code  0x1f083c98     0xcc  xlink_config.o [1]
  .text.XlinkSystemInit   ro code  0x1f083d64     0xc0  xlink_system.o [4]
  .text.XlinkGetServerTime
                          ro code  0x1f083e24     0x14  xlink_system.o [4]
  .text.XlinkPorcess_UDP_Enable
                          ro code  0x1f083e38      0xc  xlink_process_udp_data.o [4]
  .text.xlink_tcp_send_upgrade
                          ro code  0x1f083e44     0xa0  xlink_tcp_client.o [4]
  .text.xsdk_write_config
                          ro code  0x1f083ee4     0xdc  xsdk_config.o [4]
  .text.xsdk_config_save  ro code  0x1f083fc0    0x148  xsdk_config.o [4]
  .text.XlinkSystemLoop   ro code  0x1f084108     0xf8  xlink_system.o [4]
  .text.XlinkGetSystemTime
                          ro code  0x1f084200     0x38  xlink_system.o [4]
  .text.XlinkSystemTcpLoop
                          ro code  0x1f084238     0x20  xlink_system.o [4]
  .text                   ro code  0x1f084258   0x1b8c  system_easylink.o [1]
  .text                   ro code  0x1f085de4    0x2e4  mico_system_monitor.o [1]
  .text                   ro code  0x1f0860c8   0x104c  mico_cli.o [1]
  .text                   ro code  0x1f087114    0x390  system_discovery.o [1]
  .text                   ro code  0x1f0874a4   0x1be0  config_server.o [1]
  .text                   ro code  0x1f089084    0x4e8  airkiss_discovery.o [1]
  .text                   ro code  0x1f08956c     0x44  snprintf.o [6]
  .text                   ro code  0x1f0895b0    0x9d6  StringUtils.o [1]
  .rodata.__FUNCTION__.7779
                          const    0x1f089f86     0x19  xlink_net.o [4]
  .rodata.__FUNCTION__.7793
                          const    0x1f089f9f     0x19  xlink_process_tcp_data.o [4]
  .text                   ro code  0x1f089fb8    0xfe8  mico_mdns.o [1]
  .text                   ro code  0x1f08afa0    0x114  platform.o [1]
  .text                   ro code  0x1f08b0b4    0x3c8  mico_system_notification.o [1]
  .text                   ro code  0x1f08b47c     0x16  strchr.o [9]
  .rodata.__FUNCTION__.7936
                          const    0x1f08b492     0x19  xlink_process_udp_data.o [4]
  .rodata.__FUNCTION__.7811
                          const    0x1f08b4ab     0x15  xlink_client.o [4]
  .text                   ro code  0x1f08b4c0     0xee  I64DivMod.o [9]
  .text                   ro code  0x1f08b5ae     0x42  xdnorm.o [8]
  .text                   ro code  0x1f08b5f0     0x2e  DblCmpLe.o [8]
  .rodata.__FUNCTION__.7540
                          const    0x1f08b61e     0x11  xsdk_config.o [4]
  .rodata.__FUNCTION__.7748
                          const    0x1f08b62f     0x11  xlink_net.o [4]
  .text                   ro code  0x1f08b640     0x2e  DblCmpGe.o [8]
  .rodata.__FUNCTION__.7789
                          const    0x1f08b66e     0x11  xlink_tcp_client.o [4]
  .rodata.str1.1          const    0x1f08b67f      0x5  xlink_md5.o [4]
  .text                   ro code  0x1f08b684    0x118  xdscale.o [8]
  .text                   ro code  0x1f08b79c    0x180  DblSub.o [8]
  .text                   ro code  0x1f08b91c    0x246  DblDiv.o [8]
  .text                   ro code  0x1f08bb64     0x6c  localeconv.o [6]
  .text                   ro code  0x1f08bbd0      0xe  div.o [6]
  .text                   ro code  0x1f08bbe0    0x894  rs485_uart.o [1]
  .text                   ro code  0x1f08c474     0xb6  localtim.o [6]
  .text                   ro code  0x1f08c52a      0x2  xtls.o [6]
  .text                   ro code  0x1f08c52c     0xe8  DblAdd.o [8]
  .text                   ro code  0x1f08c618    0x8c0  pow.o [8]
  .text                   ro code  0x1f08ced8     0x6e  floor.o [8]
  .text                   ro code  0x1f08cf48     0x44  setlocale.o [6]
  .text                   ro code  0x1f08cf8c     0x16  xlocale_c.o [6]
  .text                   ro code  0x1f08cfa2     0x14  xlocale_c.o [6]
  .text                   ro code  0x1f08cfb6      0xc  xlocale_c.o [6]
  .text.XlinkReSetSDK     ro code  0x1f08cfc4     0x40  xsdk_config.o [4]
  .text                   ro code  0x1f08d004     0x3c  vsnprint.o [6]
  .text                   ro code  0x1f08d040     0x2c  vsprintf.o [6]
  .text                   ro code  0x1f08d06c     0x18  vprintf.o [6]
  .text                   ro code  0x1f08d084      0x4  exit.o [6]
  .text                   ro code  0x1f08d088     0x24  sscanf.o [6]
  .text.XlinkSendTcpPipe2_cb
                          ro code  0x1f08d0ac     0xcc  xlink_tcp_client.o [4]
  .text.XlinkSendTcpPipe_cb
                          ro code  0x1f08d178     0xcc  xlink_tcp_client.o [4]
  .text.XlinkSendUdpPipe_cb
                          ro code  0x1f08d244     0xd0  xlink_client.o [4]
  .text                   ro code  0x1f08d314    0x188  xttotm.o [6]
  .text                   ro code  0x1f08d49c     0x2c  strstr.o [6]
  .text.xlinkHttpMd5Init  ro code  0x1f08d4c8     0x2c  xlink_md5.o [4]
  .text                   ro code  0x1f08d4f4    0x10c  mico_socket.o [1]
  .text.XlinkHttpM5dFinalString
                          ro code  0x1f08d600     0x2c  xlink_md5.o [4]
  .text.XlinkHttpMd5Update
                          ro code  0x1f08d62c      0x4  xlink_md5.o [4]
  .text.xlinkGetHostByName
                          ro code  0x1f08d630     0xac  xlink_net.o [4]
  .text                   ro code  0x1f08d6dc     0x3c  puts.o [6]
  .text.xsdk_config_init  ro code  0x1f08d718    0x1fc  xsdk_config.o [4]
  .text.XlinkSdkDataInit  ro code  0x1f08d914     0x90  xlink_data.o [4]
  .text.XlinnkClientInit  ro code  0x1f08d9a4     0x24  xlink_client.o [4]
  .text.XlinkNetInit      ro code  0x1f08d9c8     0x24  xlink_net.o [4]
  .text.XlinkTcpSendData  ro code  0x1f08d9ec     0x50  xlink_tcp_client.o [4]
  .text                   ro code  0x1f08da3c     0x14  memset.o [6]
  .text                   ro code  0x1f08da50      0xc  memcpy.o [6]
  .text.xlink_net_loop    ro code  0x1f08da5c    0x294  xlink_net.o [4]
  .text.xlink_net_loop_Domain_name
                          ro code  0x1f08dcf0    0x310  xlink_net.o [4]
  .text                   ro code  0x1f08e000     0x96  system_easylink_delegate.o [1]
  .text                   ro code  0x1f08e098    0x358  SocketUtils.o [1]
  .text                   ro code  0x1f08e3f0    0xf34  json_tokener.o [1]
  .text                   ro code  0x1f08f324    0x738  tftpc.o [1]
  .text                   ro code  0x1f08fa5c    0xa3c  tftp_ota.o [1]
  .text                   ro code  0x1f090498     0x46  strcasecmp.o [6]
  .text                   ro code  0x1f0904e0   0x15c0  HTTPUtils.o [1]
  .text.XlinkSystemGetDeviceID
                          ro code  0x1f091aa0     0x30  xlink_system.o [4]
  .text.airkiss_lan_recv  ro code  0x1f091ad0      0x4  airlink.o [7]
  .text.airkiss_lan_pack  ro code  0x1f091ad4     0x10  airlink.o [7]
  .text                   ro code  0x1f091ae4     0x16  strnlen.o [6]
  .text                   ro code  0x1f091afc     0xd0  button.o [1]
  .text                   ro code  0x1f091bcc      0x2  I64DivZer.o [9]
  .text                   ro code  0x1f091bce      0x4  moc_platform_common.o [1]
  .text                   ro code  0x1f091bd4      0xa  getzone.o [6]
  .text                   ro code  0x1f091bde     0x42  xgettime.o [6]
  .text                   ro code  0x1f091c20     0x7e  xdint.o [8]
  .text                   ro code  0x1f091ca0     0xb0  xlog.o [8]
  .text                   ro code  0x1f091d50    0x2c6  xexp.o [8]
  .text                   ro code  0x1f092018      0xe  cexit.o [9]
  .text                   ro code  0x1f092028    0xb84  xscanffull_nomb.o [6]
  .text.XlinkClientSendDataToAllOlineClient
                          ro code  0x1f092bac     0x40  xlink_client.o [4]
  .text.XlinkClientSendDataToAddr
                          ro code  0x1f092bec     0x34  xlink_client.o [4]
  .text                   ro code  0x1f092c20    0x134  xisdst.o [6]
  .text.XlinkMD5Final     ro code  0x1f092d54     0x6c  xlink_md5.o [4]
  .text.XlinkMD5Update    ro code  0x1f092dc0     0x88  xlink_md5.o [4]
  .text                   ro code  0x1f092e48      0x4  xsyslock_nop.o [6]
  .text                   ro code  0x1f092e4c     0x98  fputs.o [6]
  .text                   ro code  0x1f092ee4     0x56  fputc.o [6]
  .text.xlinkGetMd5       ro code  0x1f092f3c     0x48  xlink_md5.o [4]
  .text.xsdk_read_config  ro code  0x1f092f84     0xac  xsdk_config.o [4]
  .text.XlinkSystemSetDeviceName
                          ro code  0x1f093030     0x50  xlink_system.o [4]
  .text.XlinkClientCheckHeartbeat
                          ro code  0x1f093080     0x74  xlink_client.o [4]
  .text.xsdk_closeUDP     ro code  0x1f0930f4     0x18  xlink_net.o [4]
  .text.xsdk_closeTCP     ro code  0x1f09310c     0x58  xlink_net.o [4]
  .text.XlinkTcpLoop      ro code  0x1f093164    0x24c  xlink_tcp_client.o [4]
  .text.event_tcp_recv_data
                          ro code  0x1f0933b0    0x168  xlink_net.o [4]
  .text.event_udp_recv_data
                          ro code  0x1f093518     0x9c  xlink_net.o [4]
  .text.XlinkTcpInit      ro code  0x1f0935b4     0x20  xlink_tcp_client.o [4]
  .text                   ro code  0x1f0935d4     0x4e  strncasecmp.o [6]
  .text                   ro code  0x1f093624     0x78  ABImemmove_unaligned.o [9]
  .text                   ro code  0x1f09369c    0x16a  URLUtils.o [1]
  .text.__airkiss_lan_recv
                          ro code  0x1f093808     0x60  airlink.o [7]
  .text.__airkiss_lan_pack
                          ro code  0x1f093868    0x13c  airlink.o [7]
  .text                   ro code  0x1f0939a4     0xf6  platform_nsclock.o [1]
  .text                   ro code  0x1f093a9a     0x40  xdtest.o [8]
  .text                   ro code  0x1f093adc     0x58  xcloseall.o [6]
  .text                   ro code  0x1f093b34     0x14  exit.o [10]
  .text                   ro code  0x1f093b48     0xa4  xstoll.o [6]
  .text                   ro code  0x1f093bec    0x1b0  xstoull.o [6]
  .text                   ro code  0x1f093d9c    0x168  xstold.o [8]
  .text.XlinkClientSendToIndex
                          ro code  0x1f093f04     0x20  xlink_client.o [4]
  .text                   ro code  0x1f093f24    0x164  xgetdst.o [6]
  .text.XlinkMD5Transform
                          ro code  0x1f094088    0x694  xlink_md5.o [4]
  .text                   ro code  0x1f09471c     0xb6  xfwprep.o [6]
  .text                   ro code  0x1f0947d4     0xb0  fflush.o [6]
  .text.xlink_GetServerTime
                          ro code  0x1f094884     0x7c  xlink_tcp_client.o [4]
  .text.xsdk_timer_set    ro code  0x1f094900     0x10  xsdk_config.o [4]
  .text.xsdk_tiemr_timerout
                          ro code  0x1f094910     0x24  xsdk_config.o [4]
  .text.XlinkTcpNextWork  ro code  0x1f094934     0x38  xlink_tcp_client.o [4]
  .text.XlinkTcpWorkActivation
                          ro code  0x1f09496c    0x130  xlink_tcp_client.o [4]
  .text.check_typeOk      ro code  0x1f094a9c     0x2c  xlink_net.o [4]
  .text.xlink_process_tcp_data
                          ro code  0x1f094ac8    0x858  xlink_process_tcp_data.o [4]
  .text.XlinkProcessUdpData
                          ro code  0x1f095320    0xb2c  xlink_process_udp_data.o [4]
  .text.__airkiss_strlen  ro code  0x1f095e4c     0x10  airlink.o [7]
  .text                   ro code  0x1f095e5c      0xc  platform_core.o [1]
  .text                   ro code  0x1f095e68     0x7a  fclose.o [6]
  .text                   ro code  0x1f095ee2    0x134  xstopfx.o [6]
  .text                   ro code  0x1f096018    0x1b8  xstoflt.o [6]
  .text                   ro code  0x1f0961d0    0x200  xdtento.o [8]
  .text                   ro code  0x1f0963d0    0x218  xstoxflt.o [6]
  .text                   ro code  0x1f0965e8     0x22  fseek.o [6]
  .text.XlinkGetMACHex    ro code  0x1f09660c     0x38  xlink_tcp_client.o [4]
  .text.check_typeOk_t    ro code  0x1f096644     0x2c  xlink_net.o [4]
  .text.XlinkTcpPing_Clear
                          ro code  0x1f096670     0x18  xlink_tcp_client.o [4]
  .text.XlinkSdkAppSetDeviceName
                          ro code  0x1f096688     0x30  xlink_data.o [4]
  .text.xlink_process_set_pwd
                          ro code  0x1f0966b8     0xf0  xlink_process_tcp_data.o [4]
  .text.xlink_process_tcp_probe_V2
                          ro code  0x1f0967a8    0x124  xlink_process_tcp_data.o [4]
  .text.xlink_process_tcp_event_res
                          ro code  0x1f0968cc     0x70  xlink_process_tcp_data.o [4]
  .text.xlink_process_tcp_notify
                          ro code  0x1f09693c     0x30  xlink_process_tcp_data.o [4]
  .text.handshakeErrorRes.isra.0.constprop.5
                          ro code  0x1f09696c     0x64  xlink_process_udp_data.o [4]
  .text.XlinkClientAddclient
                          ro code  0x1f0969d0    0x168  xlink_client.o [4]
  .text.XlinkProcessUdpProbe_Datapoint_V3.isra.1
                          ro code  0x1f096b38    0x184  xlink_process_udp_data.o [4]
  .text.XlinkClientcheckclientLogin
                          ro code  0x1f096cbc     0x84  xlink_client.o [4]
  .text.XlinkClientByby   ro code  0x1f096d40     0x1c  xlink_client.o [4]
  .text.xlinkSendRetPackage
                          ro code  0x1f096d5c     0x3e  xlink_process_udp_data.o [4]
  .text.xlinkClientReSet  ro code  0x1f096d9c     0x2c  xlink_client.o [4]
  .text.XlinkBuildSubKey  ro code  0x1f096dc8     0x64  xsdk_config.o [4]
  .text.SubKeyErrorRes    ro code  0x1f096e2c     0x3e  xlink_process_udp_data.o [4]
  .text                   ro code  0x1f096e6c     0x7c  xfofind.o [6]
  .text                   ro code  0x1f096ee8     0x1a  close.o [10]
  .text                   ro code  0x1f096f02     0x16  remove.o [10]
  .text                   ro code  0x1f096f18     0x56  xdunscal.o [8]
  .text                   ro code  0x1f096f6e     0xd6  xfspos.o [6]
  .text.xlinkSendRetPWDPackage
                          ro code  0x1f097044     0x74  xlink_process_tcp_data.o [4]
  .text.XlinkPorcess_UDP_GetScan
                          ro code  0x1f0970b8      0xc  xlink_process_udp_data.o [4]
  .text.xlink_net_setSystemTime
                          ro code  0x1f0970c4     0x78  xlink_system.o [4]
  .text.XlinkClientQuit   ro code  0x1f09713c     0x28  xlink_client.o [4]
  .text                   ro code  0x1f097164     0xe0  XShHandles.o [6]
  .text                   ro code  0x1f097244      0xc  xfgpos.o [6]
  .text                   ro code  0x1f097250     0x4c  lseek.o [10]
  .rodata.str1.1          const    0x1f09729c    0x695  xlink_net.o [4]
  .rodata.str1.1          const    0x1f097931    0x5fe  xlink_process_tcp_data.o [4]
  .rodata.str1.1          const    0x1f097f2f    0x396  xlink_process_udp_data.o [4]
  .rodata.__FUNCTION__.7819
                          const    0x1f0982c5     0x1f  xlink_process_tcp_data.o [4]
  .rodata                 const    0x1f0982e4    0x304  mico_cli.o [1]
  .text                   ro code  0x1f0985e8    0x1b0  moc_main.o [1]
  .text                   ro code  0x1f098798     0x28  data_init.o [9]
  .rodata.str1.1          const    0x1f0987c0     0xee  xlink_client.o [4]
  .text                   ro code  0x1f0988ae     0xd0  packbits_init.o [9]
  .text                   ro code  0x1f09897e      0x6  abort.o [6]
  .rodata.str1.1          const    0x1f098984     0xb5  xlink_tcp_client.o [4]
  .rodata.str1.1          const    0x1f098a39     0x9c  xlink_system.o [4]
  .rodata.str1.1          const    0x1f098ad5     0x60  airlink.o [7]
  .rodata                 const    0x1f098b38     0x50  system_easylink.o [1]
  .rodata                 const    0x1f098b88     0x30  moc_main.o [1]
  .rodata                 const    0x1f098bb8     0x24  json_object.o [1]
  .text                   ro code  0x1f098bdc     0x22  fpinit_M.o [8]
  .iar.init_table         const    0x1f098c00     0x34  - Linker created -
  .rodata.m_key           const    0x1f098c34     0x20  xsdk_config.o [4]
  .rodata.__FUNCTION__.7906
                          const    0x1f098c54     0x1c  xlink_client.o [4]
  .rodata.__FUNCTION__.7850
                          const    0x1f098c70     0x1b  xlink_net.o [4]
  .rodata.__FUNCTION__.7969
                          const    0x1f098c8b     0x1b  xlink_process_udp_data.o [4]
  .rodata.__FUNCTION__.7799
                          const    0x1f098ca6     0x18  xlink_process_tcp_data.o [4]
  .rodata.__FUNCTION__.7870
                          const    0x1f098cbe     0x18  xlink_process_tcp_data.o [4]
  .rodata.__FUNCTION__.7770
                          const    0x1f098cd6     0x17  xlink_process_tcp_data.o [4]
  .rodata.__FUNCTION__.7911
                          const    0x1f098ced     0x17  xlink_process_udp_data.o [4]
  .text                   ro code  0x1f098d04     0x16  xprout.o [6]
  .text                   ro code  0x1f098d1c      0xc  putchar.o [6]
  .rodata.__FUNCTION__.7791
                          const    0x1f098d28     0x14  xlink_net.o [4]
  .rodata.__FUNCTION__.7812
                          const    0x1f098d3c     0x14  xlink_net.o [4]
  .rodata.__FUNCTION__.7861
                          const    0x1f098d50     0x14  xlink_process_udp_data.o [4]
  .rodata.__FUNCTION__.7898
                          const    0x1f098d64     0x14  xlink_tcp_client.o [4]
  .rodata.__FUNCTION__.7754
                          const    0x1f098d78     0x13  xlink_net.o [4]
  .rodata.__FUNCTION__.7768
                          const    0x1f098d8b     0x13  xlink_net.o [4]
  .rodata.__FUNCTION__.7953
                          const    0x1f098d9e     0x13  xlink_process_udp_data.o [4]
  .rodata.HEXBUF          const    0x1f098db1     0x10  xlink_tcp_client.o [4]
  .rodata._AK_LIT_ENDIAN  const    0x1f098dc4      0x4  airlink.o [7]
  .text                   ro code  0x1f098dc8      0x0  cstart_closeall.o [9]
  .rodata                 const    0x1f098dc8      0x0  zero_init3.o [9]
  .rodata                 const    0x1f098dc8      0x0  packbits_init.o [9]
  Initializer bytes       const    0x1f098dc8    0x116  <for rw-1>
                                 - 0x1f098ede  0x34e6a


*******************************************************************************
*** INIT TABLE
***

          Address     Size
          -------     ----
Zero (__iar_zero_init3)
    2 destination ranges, total size 0x1f56:
          0x0011c400  0x1f52
          0x0011e354     0x4

Copy/packbits (__iar_packbits_init3)
    1 source range, total size 0x116 (27% of destination):
          0x1f098dc8   0x116
    1 destination range, total size 0x3fc:
          0x0011c000   0x3fc


*******************************************************************************
*** STACK USAGE
***

  Call Graph Root Category  Max Use  Total Use
  ------------------------  -------  ---------
  Program entry                 408        408
  Uncalled function           3 184     48 848


Program entry
  "moc_app_main": 0x1f098601

  Maximum call chain                            *?* 408 bytes
    (** call graph contains indirect calls (example: "moc_app_main") **)

    "moc_app_main"                                   48
    "printf"                                         24
    "_PrintfFullNoMb"                               168
    "_LdtobFullNoMb" in xprintffull_nomb.o [6]       96
    "_GenldFullNoMb" in xprintffull_nomb.o [6]       56
    "localeconv"                                      8
    "__iar_Locale_lconv_init"                         8
    "__iar_dlib_perthread_access"                     0

Uncalled function
  "ak_discovery_thread" in airkiss_discovery.o [1]: 0x1f089105

  Maximum call chain                            *?* 464 bytes
    (** call graph contains indirect calls (example: "close")
                            functions with no stack usage info (example: "XlinkSystemGetDeviceID") **)

    "ak_discovery_thread" in airkiss_discovery.o [1]
                                                    104
    "printf"                                         24
    "_PrintfFullNoMb"                               168
    "_LdtobFullNoMb" in xprintffull_nomb.o [6]       96
    "_GenldFullNoMb" in xprintffull_nomb.o [6]       56
    "localeconv"                                      8
    "__iar_Locale_lconv_init"                         8
    "__iar_dlib_perthread_access"                     0

Uncalled function
  "uart_recv_thread" in appmainmsgqueue.o [1]: 0x1f078e6b

  Maximum call chain                            *?* 976 bytes
    (** call graph contains recursive functions (example: "cJSON_Delete")
                            indirect calls (example: "_free") **)

    "uart_recv_thread" in appmainmsgqueue.o [1]      48
    "send_ConvertFromZigbeeData2Rs485" in appmainmsgqueue.o [1]
                                                    536
    "pushAppMainRecvMsgProcess"                      32
    "printf"                                         24
    "_PrintfFullNoMb"                               168
    "_LdtobFullNoMb" in xprintffull_nomb.o [6]       96
    "_GenldFullNoMb" in xprintffull_nomb.o [6]       56
    "localeconv"                                      8
    "__iar_Locale_lconv_init"                         8
    "__iar_dlib_perthread_access"                     0

Uncalled function
  "popAppMainRecvMsgThread": 0x1f078695

  Maximum call chain                            *?* 424 bytes
    (** call graph contains indirect calls (example: "MicoGpioOutputHigh") **)

    "popAppMainRecvMsgThread"                        32
    "user_uartSend"                                  32
    "printf"                                         24
    "_PrintfFullNoMb"                               168
    "_LdtobFullNoMb" in xprintffull_nomb.o [6]       96
    "_GenldFullNoMb" in xprintffull_nomb.o [6]       56
    "localeconv"                                      8
    "__iar_Locale_lconv_init"                         8
    "__iar_dlib_perthread_access"                     0

Uncalled function
  "popRecvFromFlogCloudMsgThread": 0x1f078c11

  Maximum call chain                            *?* 1 744 bytes
    (** call graph contains recursive functions (example: "cJSON_Delete")
                            indirect calls (example: "_free") **)

    "popRecvFromFlogCloudMsgThread"                    48
    "parseServerMessage"                              560
    "deleteDeviceFromList"                             96
    "removeDevice" in networkserver.o [1]             128
    "rs485_device_delete_from_net"                    168
    "Rs485_SendDataPackage"                           352
    "pushAppMainRecvMsgProcess"                        32
    "printf"                                           24
    "_PrintfFullNoMb"                                 168
    "_LdtobFullNoMb" in xprintffull_nomb.o [6]         96
    "_GenldFullNoMb" in xprintffull_nomb.o [6]         56
    "localeconv"                                        8
    "__iar_Locale_lconv_init"                           8
    "__iar_dlib_perthread_access"                       0

Uncalled function
  "button_irq_handler" in button.o [1]: 0x1f091afd

  Maximum call chain                            *?* 16 bytes
    (** call graph contains indirect calls (example: "MicoGpioEnableIRQ") **)

    "button_irq_handler" in button.o [1]             8
    "MicoGpioEnableIRQ"                              8

Uncalled function
  "button_timeout_handler" in button.o [1]: 0x1f091b61

  Maximum call chain                             *?* 0 bytes
    (** call graph contains indirect calls (example: "button_timeout_handler" in button.o [1]) **)

    "button_timeout_handler" in button.o [1]         0

Uncalled function
  "localConfig_thread" in config_server.o [1]: 0x1f0879dd

  Maximum call chain                            *?* 1 016 bytes
    (** call graph contains recursive functions (example: "lh_table_insert")
                            indirect calls (example: "_calloc") **)

    "localConfig_thread" in config_server.o [1]        72
    "_LocalConfigRespondInComingMessage" in config_server.o [1]
                                                      128
    "system_connect_wifi_normal"                      232
    "wifi_led_quick_glitter_start"                    192
    "pushAppMainRecvMsgProcess"                        32
    "printf"                                           24
    "_PrintfFullNoMb"                                 168
    "_LdtobFullNoMb" in xprintffull_nomb.o [6]         96
    "_GenldFullNoMb" in xprintffull_nomb.o [6]         56
    "localeconv"                                        8
    "__iar_Locale_lconv_init"                           8
    "__iar_dlib_perthread_access"                       0

Uncalled function
  "localConfiglistener_thread" in config_server.o [1]: 0x1f0875b9

  Maximum call chain                            *?* 456 bytes
    (** call graph contains indirect calls (example: "close") **)

    "localConfiglistener_thread" in config_server.o [1]
                                                     96
    "printf"                                         24
    "_PrintfFullNoMb"                               168
    "_LdtobFullNoMb" in xprintffull_nomb.o [6]       96
    "_GenldFullNoMb" in xprintffull_nomb.o [6]       56
    "localeconv"                                      8
    "__iar_Locale_lconv_init"                         8
    "__iar_dlib_perthread_access"                     0

Uncalled function
  "onClearHTTPHeader" in config_server.o [1]: 0x1f08805d

  Maximum call chain                             *?* 8 bytes
    (** call graph contains indirect calls (example: "mico_rtos_unlock_mutex") **)

    "onClearHTTPHeader" in config_server.o [1]       8
    "mico_rtos_unlock_mutex"                         0

Uncalled function
  "onReceivedData" in config_server.o [1]: 0x1f087e51

  Maximum call chain                            *?* 408 bytes
    (** call graph contains indirect calls (example: "MicoFlashErase") **)

    "onReceivedData" in config_server.o [1]          48
    "printf"                                         24
    "_PrintfFullNoMb"                               168
    "_LdtobFullNoMb" in xprintffull_nomb.o [6]       96
    "_GenldFullNoMb" in xprintffull_nomb.o [6]       56
    "localeconv"                                      8
    "__iar_Locale_lconv_init"                         8
    "__iar_dlib_perthread_access"                     0

Uncalled function
  "clear_all_device_recode_inflash": 0x1f064bf1

  Maximum call chain                            *?* 424 bytes
    (** call graph contains indirect calls (example: "mico_rtos_get_time") **)

    "clear_all_device_recode_inflash"                 0
    "user_data_store_update"                         32
    "user_data_flash_write_process" in user_data_store.o [1]
                                                     32
    "printf"                                         24
    "_PrintfFullNoMb"                               168
    "_LdtobFullNoMb" in xprintffull_nomb.o [6]       96
    "_GenldFullNoMb" in xprintffull_nomb.o [6]       56
    "localeconv"                                      8
    "__iar_Locale_lconv_init"                         8
    "__iar_dlib_perthread_access"                     0

Uncalled function
  "close_all_rs485_device": 0x1f067bc1

  Maximum call chain                            *?* 464 bytes
    (** call graph contains indirect calls (example: "mico_rtos_get_time") **)

    "close_all_rs485_device"                         40
    "user_data_store_update"                         32
    "user_data_flash_write_process" in user_data_store.o [1]
                                                     32
    "printf"                                         24
    "_PrintfFullNoMb"                               168
    "_LdtobFullNoMb" in xprintffull_nomb.o [6]       96
    "_GenldFullNoMb" in xprintffull_nomb.o [6]       56
    "localeconv"                                      8
    "__iar_Locale_lconv_init"                         8
    "__iar_dlib_perthread_access"                     0

Uncalled function
  "print_device_infomation": 0x1f064d0d

  Maximum call chain                            *?* 464 bytes
    (** call graph contains indirect calls (example: "mico_rtos_get_time") **)

    "print_device_infomation"                       104
    "printf"                                         24
    "_PrintfFullNoMb"                               168
    "_LdtobFullNoMb" in xprintffull_nomb.o [6]       96
    "_GenldFullNoMb" in xprintffull_nomb.o [6]       56
    "localeconv"                                      8
    "__iar_Locale_lconv_init"                         8
    "__iar_dlib_perthread_access"                     0

Uncalled function
  "rs485_new_device_add_report": 0x1f0676ed

  Maximum call chain                            *?* 2 560 bytes
    (** call graph contains recursive functions (example: "cJSON_Delete")
                            indirect calls (example: "MicoUartSend") **)

    "rs485_new_device_add_report"                      80
    "rs485_sensor_add_integradedevice2list"           144
    "sensor_add_ir_lightray_default_linkage" in sensormanager.o [1]
                                                      640
    "parseServerMessage"                              560
    "deleteDeviceFromList"                             96
    "removeDevice" in networkserver.o [1]             128
    "rs485_device_delete_from_net"                    168
    "Rs485_SendDataPackage"                           352
    "pushAppMainRecvMsgProcess"                        32
    "printf"                                           24
    "_PrintfFullNoMb"                                 168
    "_LdtobFullNoMb" in xprintffull_nomb.o [6]         96
    "_GenldFullNoMb" in xprintffull_nomb.o [6]         56
    "localeconv"                                        8
    "__iar_Locale_lconv_init"                           8
    "__iar_dlib_perthread_access"                       0

Uncalled function
  "scenepanel_device_report_attribute_update": 0x1f065d99

  Maximum call chain                            *?* 480 bytes
    (** call graph contains indirect calls (example: "mico_rtos_get_time") **)

    "scenepanel_device_report_attribute_update"      56
    "user_data_store_update"                         32
    "user_data_flash_write_process" in user_data_store.o [1]
                                                     32
    "printf"                                         24
    "_PrintfFullNoMb"                               168
    "_LdtobFullNoMb" in xprintffull_nomb.o [6]       96
    "_GenldFullNoMb" in xprintffull_nomb.o [6]       56
    "localeconv"                                      8
    "__iar_Locale_lconv_init"                         8
    "__iar_dlib_perthread_access"                     0

Uncalled function
  "json_object_array_delete" in json_object.o [1]: 0x1f0745a9

  Maximum call chain                            *?* 24 bytes
    (** call graph contains indirect calls (example: "_free") **)

    "json_object_array_delete" in json_object.o [1]
                                                     8
    "array_list_free"                               16

Uncalled function
  "json_object_array_entry_free" in json_object.o [1]: 0x1f074599

  Maximum call chain                             *?* 0 bytes
    (** call graph contains indirect calls (example: "json_object_array_entry_free" in json_object.o [1]) **)

    "json_object_array_entry_free" in json_object.o [1]
                                                     0

Uncalled function
  "json_object_array_to_json_string" in json_object.o [1]: 0x1f0744f5

  Maximum call chain                            *?* 576 bytes
    (** call graph contains indirect calls (example: "json_object_array_to_json_string" in json_object.o [1]) **)

    "json_object_array_to_json_string" in json_object.o [1]
                                                     32
    "sprintbuf"                                     160
    "vasprintf"                                      24
    "vsnprintf"                                      24
    "_PrintfFullNoMb"                               168
    "_LdtobFullNoMb" in xprintffull_nomb.o [6]       96
    "_GenldFullNoMb" in xprintffull_nomb.o [6]       56
    "localeconv"                                      8
    "__iar_Locale_lconv_init"                         8
    "__iar_dlib_perthread_access"                     0

Uncalled function
  "json_object_boolean_to_json_string" in json_object.o [1]: 0x1f0742a7

  Maximum call chain                            *?* 544 bytes
    (** call graph contains indirect calls (example: "_realloc") **)

    "json_object_boolean_to_json_string" in json_object.o [1]
                                                      0
    "sprintbuf"                                     160
    "vasprintf"                                      24
    "vsnprintf"                                      24
    "_PrintfFullNoMb"                               168
    "_LdtobFullNoMb" in xprintffull_nomb.o [6]       96
    "_GenldFullNoMb" in xprintffull_nomb.o [6]       56
    "localeconv"                                      8
    "__iar_Locale_lconv_init"                         8
    "__iar_dlib_perthread_access"                     0

Uncalled function
  "json_object_double_to_json_string" in json_object.o [1]: 0x1f074425

  Maximum call chain                            *?* 544 bytes
    (** call graph contains indirect calls (example: "_realloc") **)

    "json_object_double_to_json_string" in json_object.o [1]
                                                      0
    "sprintbuf"                                     160
    "vasprintf"                                      24
    "vsnprintf"                                      24
    "_PrintfFullNoMb"                               168
    "_LdtobFullNoMb" in xprintffull_nomb.o [6]       96
    "_GenldFullNoMb" in xprintffull_nomb.o [6]       56
    "localeconv"                                      8
    "__iar_Locale_lconv_init"                         8
    "__iar_dlib_perthread_access"                     0

Uncalled function
  "json_object_generic_delete" in json_object.o [1]: 0x1f07412d

  Maximum call chain                            *?* 16 bytes
    (** call graph contains indirect calls (example: "_free") **)

    "json_object_generic_delete" in json_object.o [1]
                                                     8
    "printbuf_free"                                  8
    "_free"                                          0

Uncalled function
  "json_object_int_to_json_string" in json_object.o [1]: 0x1f074331

  Maximum call chain                            *?* 544 bytes
    (** call graph contains indirect calls (example: "_realloc") **)

    "json_object_int_to_json_string" in json_object.o [1]
                                                      0
    "sprintbuf"                                     160
    "vasprintf"                                      24
    "vsnprintf"                                      24
    "_PrintfFullNoMb"                               168
    "_LdtobFullNoMb" in xprintffull_nomb.o [6]       96
    "_GenldFullNoMb" in xprintffull_nomb.o [6]       56
    "localeconv"                                      8
    "__iar_Locale_lconv_init"                         8
    "__iar_dlib_perthread_access"                     0

Uncalled function
  "json_object_lh_entry_free" in json_object.o [1]: 0x1f0741f1

  Maximum call chain                             *?* 8 bytes
    (** call graph contains indirect calls (example: "json_object_lh_entry_free" in json_object.o [1]) **)

    "json_object_lh_entry_free" in json_object.o [1]
                                                     8
    "_free"                                          0

Uncalled function
  "json_object_object_delete" in json_object.o [1]: 0x1f074211

  Maximum call chain                            *?* 24 bytes
    (** call graph contains indirect calls (example: "_free") **)

    "json_object_object_delete" in json_object.o [1]
                                                     8
    "lh_table_free"                                 16
    "_free"                                          0

Uncalled function
  "json_object_object_to_json_string" in json_object.o [1]: 0x1f074167

  Maximum call chain                            *?* 624 bytes
    (** call graph contains indirect calls (example: "json_object_object_to_json_string" in json_object.o [1]) **)

    "json_object_object_to_json_string" in json_object.o [1]
                                                     40
    "json_escape_str" in json_object.o [1]           40
    "sprintbuf"                                     160
    "vasprintf"                                      24
    "vsnprintf"                                      24
    "_PrintfFullNoMb"                               168
    "_LdtobFullNoMb" in xprintffull_nomb.o [6]       96
    "_GenldFullNoMb" in xprintffull_nomb.o [6]       56
    "localeconv"                                      8
    "__iar_Locale_lconv_init"                         8
    "__iar_dlib_perthread_access"                     0

Uncalled function
  "json_object_string_delete" in json_object.o [1]: 0x1f074497

  Maximum call chain                            *?* 16 bytes
    (** call graph contains indirect calls (example: "_free") **)

    "json_object_string_delete" in json_object.o [1]
                                                     8
    "printbuf_free"                                  8
    "_free"                                          0

Uncalled function
  "json_object_string_to_json_string" in json_object.o [1]: 0x1f074471

  Maximum call chain                            *?* 600 bytes
    (** call graph contains indirect calls (example: "_realloc") **)

    "json_object_string_to_json_string" in json_object.o [1]
                                                     16
    "json_escape_str" in json_object.o [1]           40
    "sprintbuf"                                     160
    "vasprintf"                                      24
    "vsnprintf"                                      24
    "_PrintfFullNoMb"                               168
    "_LdtobFullNoMb" in xprintffull_nomb.o [6]       96
    "_GenldFullNoMb" in xprintffull_nomb.o [6]       56
    "localeconv"                                      8
    "__iar_Locale_lconv_init"                         8
    "__iar_dlib_perthread_access"                     0

Uncalled function
  "print_linkage_list": 0x1f081c91

  Maximum call chain                            *?* 592 bytes
    (** call graph contains recursive functions (example: "cJSON_Delete")
                            indirect calls (example: "cJSON_AddItemToObject") **)

    "print_linkage_list"                            128
    "cJSON_PrintUnformatted"                          0
    "print_value" in cJSON.o [1]                      0

Uncalled function
  "lh_char_equal": 0x1f082689

  Maximum call chain                                 8 bytes

    "lh_char_equal"                                  8
    "__iar_unaligned_strcmp"                         0

Uncalled function
  "lh_char_hash": 0x1f08266d

  Maximum call chain                                 0 bytes

    "lh_char_hash"                                   0

Uncalled function
  "cli_exit_handler" in mico_cli.o [1]: 0x1f0868b1

  Maximum call chain                                 0 bytes

    "cli_exit_handler" in mico_cli.o [1]             0

Uncalled function
  "cli_main" in mico_cli.o [1]: 0x1f0863fb

  Maximum call chain                            *?* 736 bytes
    (** call graph contains indirect calls (example: "handle_input" in mico_cli.o [1]) **)

    "cli_main" in mico_cli.o [1]                     40
    "get_input" in mico_cli.o [1]                    16
    "tab_complete" in mico_cli.o [1]                 40
    "cli_printf"                                    280
    "vsnprintf"                                      24
    "_PrintfFullNoMb"                               168
    "_LdtobFullNoMb" in xprintffull_nomb.o [6]       96
    "_GenldFullNoMb" in xprintffull_nomb.o [6]       56
    "localeconv"                                      8
    "__iar_Locale_lconv_init"                         8
    "__iar_dlib_perthread_access"                     0

Uncalled function
  "echo_cmd_handler" in mico_cli.o [1]: 0x1f086827

  Maximum call chain                               376 bytes

    "echo_cmd_handler" in mico_cli.o [1]            16
    "snprintf"                                      24
    "_PrintfFullNoMb"                              168
    "_LdtobFullNoMb" in xprintffull_nomb.o [6]      96
    "_GenldFullNoMb" in xprintffull_nomb.o [6]      56
    "localeconv"                                     8
    "__iar_Locale_lconv_init"                        8
    "__iar_dlib_perthread_access"                    0

Uncalled function
  "get_version" in mico_cli.o [1]: 0x1f086695

  Maximum call chain                            *?* 512 bytes
    (** call graph contains indirect calls (example: "wlan_driver_version") **)

    "get_version" in mico_cli.o [1]                 152
    "snprintf"                                       24
    "_PrintfFullNoMb"                               168
    "_LdtobFullNoMb" in xprintffull_nomb.o [6]       96
    "_GenldFullNoMb" in xprintffull_nomb.o [6]       56
    "localeconv"                                      8
    "__iar_Locale_lconv_init"                         8
    "__iar_dlib_perthread_access"                     0

Uncalled function
  "help_command" in mico_cli.o [1]: 0x1f0868b3

  Maximum call chain                               400 bytes

    "help_command" in mico_cli.o [1]                40
    "snprintf"                                      24
    "_PrintfFullNoMb"                              168
    "_LdtobFullNoMb" in xprintffull_nomb.o [6]      96
    "_GenldFullNoMb" in xprintffull_nomb.o [6]      56
    "localeconv"                                     8
    "__iar_Locale_lconv_init"                        8
    "__iar_dlib_perthread_access"                    0

Uncalled function
  "micodebug_Command" in mico_cli.o [1]: 0x1f0869a3

  Maximum call chain                               376 bytes

    "micodebug_Command" in mico_cli.o [1]           16
    "snprintf"                                      24
    "_PrintfFullNoMb"                              168
    "_LdtobFullNoMb" in xprintffull_nomb.o [6]      96
    "_GenldFullNoMb" in xprintffull_nomb.o [6]      56
    "localeconv"                                     8
    "__iar_Locale_lconv_init"                        8
    "__iar_dlib_perthread_access"                    0

Uncalled function
  "ota_Command" in mico_cli.o [1]: 0x1f086665

  Maximum call chain                            *?* 32 bytes
    (** call graph contains indirect calls (example: "mico_rtos_create_thread") **)

    "ota_Command" in mico_cli.o [1]                 16
    "mico_rtos_create_thread"                       16

Uncalled function
  "partShow_Command" in mico_cli.o [1]: 0x1f0865d1

  Maximum call chain                            *?* 400 bytes
    (** call graph contains indirect calls (example: "MicoFlashGetInfo") **)

    "partShow_Command" in mico_cli.o [1]             40
    "snprintf"                                       24
    "_PrintfFullNoMb"                               168
    "_LdtobFullNoMb" in xprintffull_nomb.o [6]       96
    "_GenldFullNoMb" in xprintffull_nomb.o [6]       56
    "localeconv"                                      8
    "__iar_Locale_lconv_init"                         8
    "__iar_dlib_perthread_access"                     0

Uncalled function
  "reboot" in mico_cli.o [1]: 0x1f086823

  Maximum call chain                             *?* 0 bytes
    (** call graph contains indirect calls (example: "MicoSystemReboot") **)

    "reboot" in mico_cli.o [1]                       0
    "MicoSystemReboot"                               0

Uncalled function
  "tftp_Command" in mico_cli.o [1]: 0x1f0864cd

  Maximum call chain                            *?* 1 800 bytes
    (** call graph contains indirect calls (example: "MicoFlashGetInfo") **)

    "tftp_Command" in mico_cli.o [1]                   96
    "tsend"                                         1 672
    "req_packet" in tftpc.o [1]                        24
    "__iar_unaligned___aeabi_memcpy"                    0
    "__iar_unaligned___aeabi_memcpy4"                   8

Uncalled function
  "uptime_Command" in mico_cli.o [1]: 0x1f086627

  Maximum call chain                            *?* 376 bytes
    (** call graph contains indirect calls (example: "mico_rtos_get_time") **)

    "uptime_Command" in mico_cli.o [1]               16
    "snprintf"                                       24
    "_PrintfFullNoMb"                               168
    "_LdtobFullNoMb" in xprintffull_nomb.o [6]       96
    "_GenldFullNoMb" in xprintffull_nomb.o [6]       56
    "localeconv"                                      8
    "__iar_Locale_lconv_init"                         8
    "__iar_dlib_perthread_access"                     0

Uncalled function
  "tftp_ota_thread": 0x1f086655

  Maximum call chain                            *?* 1 464 bytes
    (** call graph contains indirect calls (example: "mico_rtos_delete_thread") **)

    "tftp_ota_thread"                                   8
    "tftp_ota"                                        696
    "tget"                                            744
    "recvfrom"                                         16

Uncalled function
  "_bonjour_thread" in mico_mdns.o [1]: 0x1f08ad2d

  Maximum call chain                            *?* 296 bytes
    (** call graph contains indirect calls (example: "sendto") **)

    "_bonjour_thread" in mico_mdns.o [1]             88
    "bonjour_send_record"                           152
    "mdns_send_message" in mico_mdns.o [1]           40
    "sendto"                                         16

Uncalled function
  "BonjourNotify_SYSWillPoerOffHandler": 0x1f08aab1

  Maximum call chain                            *?* 72 bytes
    (** call graph contains indirect calls (example: "mico_rtos_create_thread") **)

    "BonjourNotify_SYSWillPoerOffHandler"            8
    "mdns_suspend_record"                           48
    "mico_rtos_create_thread"                       16

Uncalled function
  "BonjourNotify_WifiStatusHandler": 0x1f08aa81

  Maximum call chain                            *?* 64 bytes
    (** call graph contains indirect calls (example: "mico_rtos_create_thread") **)

    "BonjourNotify_WifiStatusHandler"                0
    "mdns_suspend_record"                           48
    "mico_rtos_create_thread"                       16

Uncalled function
  "_bonjour_send_anounce_thread": 0x1f08a527

  Maximum call chain                            *?* 16 bytes
    (** call graph contains indirect calls (example: "mico_rtos_delete_thread") **)

    "_bonjour_send_anounce_thread"                   8
    "mico_rtos_thread_msleep"                        0
    "mico_rtos_delay_milliseconds"                   8

Uncalled function
  "process_dns_questions": 0x1f089fb9

  Maximum call chain                            *?* 344 bytes
    (** call graph contains indirect calls (example: "_free") **)

    "process_dns_questions"                         288
    "mdns_send_message" in mico_mdns.o [1]           40
    "sendto"                                         16

Uncalled function
  "timed_event_handler" in mico_rtos_common.o [1]: 0x1f06b1a1

  Maximum call chain                            *?* 16 bytes
    (** call graph contains indirect calls (example: "mico_rtos_push_to_queue") **)

    "timed_event_handler" in mico_rtos_common.o [1]
                                                    16

Uncalled function
  "timer_thread_func" in mico_rtos_common.o [1]: 0x1f06b269

  Maximum call chain                            *?* 24 bytes
    (** call graph contains indirect calls (example: "_free") **)

    "timer_thread_func" in mico_rtos_common.o [1]
                                                    24
    "_free"                                          0

Uncalled function
  "worker_thread_main" in mico_rtos_common.o [1]: 0x1f06b129

  Maximum call chain                            *?* 16 bytes
    (** call graph contains indirect calls (example: "worker_thread_main" in mico_rtos_common.o [1]) **)

    "worker_thread_main" in mico_rtos_common.o [1]
                                                    16

Uncalled function
  "gethostbyname": 0x1f08d5f1

  Maximum call chain                             *?* 0 bytes
    (** call graph contains indirect calls (example: "gethostbyname") **)

    "gethostbyname"                                  0

Uncalled function
  "system_config_mode_worker" in mico_system_init.o [1]: 0x1f07588d

  Maximum call chain                            *?* 440 bytes
    (** call graph contains indirect calls (example: "mico_rtos_get_time") **)

    "system_config_mode_worker" in mico_system_init.o [1]
                                                     24
    "system_easylink_start"                          32
    "config_server_start"                            24
    "printf"                                         24
    "_PrintfFullNoMb"                               168
    "_LdtobFullNoMb" in xprintffull_nomb.o [6]       96
    "_GenldFullNoMb" in xprintffull_nomb.o [6]       56
    "localeconv"                                      8
    "__iar_Locale_lconv_init"                         8
    "__iar_dlib_perthread_access"                     0

Uncalled function
  "_watchdog_reload_timer_handler" in mico_system_monitor.o [1]: 0x1f085ed7

  Maximum call chain                             *?* 8 bytes
    (** call graph contains indirect calls (example: "mico_rtos_get_time") **)

    "_watchdog_reload_timer_handler" in mico_system_monitor.o [1]
                                                     8
    "mico_rtos_get_time"                             0

Uncalled function
  "mico_system_monitor_thread_main": 0x1f085ea5

  Maximum call chain                            *?* 24 bytes
    (** call graph contains indirect calls (example: "MicoWdgReload") **)

    "mico_system_monitor_thread_main"               16
    "mico_rtos_thread_msleep"                        0
    "mico_rtos_delay_milliseconds"                   8

Uncalled function
  "ApListAdvCallback": 0x1f08b0cf

  Maximum call chain                            *?* 16 bytes
    (** call graph contains indirect calls (example: "ApListAdvCallback") **)

    "ApListAdvCallback"                             16

Uncalled function
  "ApListCallback": 0x1f08b0b5

  Maximum call chain                            *?* 16 bytes
    (** call graph contains indirect calls (example: "ApListCallback") **)

    "ApListCallback"                                16

Uncalled function
  "NetCallback": 0x1f08b127

  Maximum call chain                            *?* 16 bytes
    (** call graph contains indirect calls (example: "NetCallback") **)

    "NetCallback"                                   16

Uncalled function
  "RptConfigmodeRslt": 0x1f08b141

  Maximum call chain                            *?* 16 bytes
    (** call graph contains indirect calls (example: "RptConfigmodeRslt") **)

    "RptConfigmodeRslt"                             16

Uncalled function
  "WifiStatusHandler": 0x1f08b0e9

  Maximum call chain                            *?* 16 bytes
    (** call graph contains indirect calls (example: "WifiStatusHandler") **)

    "WifiStatusHandler"                             16

Uncalled function
  "connected_ap_info": 0x1f08b103

  Maximum call chain                            *?* 24 bytes
    (** call graph contains indirect calls (example: "connected_ap_info") **)

    "connected_ap_info"                             24

Uncalled function
  "dns_ip_set": 0x1f08b193

  Maximum call chain                            *?* 16 bytes
    (** call graph contains indirect calls (example: "dns_ip_set") **)

    "dns_ip_set"                                    16

Uncalled function
  "easylink_user_data_result": 0x1f08b15b

  Maximum call chain                            *?* 16 bytes
[...]
                        0x1f08b1b1   0x16  Code  Gb  mico_system_notification.o [1]
send_ConvertFromZigbeeData2Rs485
                        0x1f078d9d   0xc8  Code  Lc  appmainmsgqueue.o [1]
send_user_system_version
                        0x1f07e19d   0xb8  Code  Gb  networkserver.o [1]
sendto                  0x1f08d57b   0x18  Code  Gb  mico_socket.o [1]
sensor_add_default_linkage
                        0x1f071621  0x10a  Code  Lc  sensormanager.o [1]
sensor_add_ir_lightray_default_linkage
                        0x1f0713ed  0x104  Code  Lc  sensormanager.o [1]
sensor_attribute_report
                        0x1f072fb3  0x13e  Code  Gb  sensormanager.o [1]
sensor_device_reset_init
                        0x1f07134d   0xa0  Code  Gb  sensormanager.o [1]
sensor_ir_delayTurnOffCb
                        0x1f06e4af   0xf0  Code  Lc  user_main.o [1]
sensor_ir_timerStart    0x1f06e5bb   0x24  Code  Gb  user_main.o [1]
sensor_ir_timerStop     0x1f06e5a5   0x16  Code  Gb  user_main.o [1]
sensor_linkage_control_device
                        0x1f06452f  0x1a6  Code  Gb  devicemanager.o [1]
sensor_linkage_init     0x1f07b959   0x1e  Code  Gb  rs485sensorparse.o [1]
sensor_linkage_turnon_light_device
                        0x1f0646db  0x2a0  Code  Gb  devicemanager.o [1]
server_tcp_send_time_out
                        0x0011d6e8    0x4  Data  Lc  xlink_demo.o [1]
setMacAddress           0x1f06e1eb    0x8  Code  Gb  user_main.o [1]
setOtaFileMd5Str        0x1f083115   0x10  Code  Gb  OTAupgrade.o [1]
setTaskFlag             0x1f079c6f   0x40  Code  Gb  timer_task.o [1]
setTimerInterval        0x1f07b7d5   0x48  Code  Gb  timerctrl.o [1]
setTimerNodeParam       0x1f07b60b   0x6c  Code  Gb  timerctrl.o [1]
setTimerStatus          0x1f07b6d9   0xfc  Code  Gb  timerctrl.o [1]
set_broadcast_flag      0x1f0746ed    0x8  Code  Gb  xlink_demo.o [1]
setsockopt              0x1f08d501   0x16  Code  Gb  mico_socket.o [1]
sig_func1sec            0x1f07b439   0xb8  Code  Gb  timerctrl.o [1]
snprintf                0x1f08956d   0x44  Code  Gb  snprintf.o [6]
socket                  0x1f08d4f5    0xc  Code  Gb  mico_socket.o [1]
socket_connected        0x1f08b179   0x1a  Code  Gb  mico_system_notification.o [1]
socket_show_Command     0x1f07727b   0x10  Code  Gb  moc_api.o [1]
source                  0x0011c8d2    0x1  Data  Lc  system_easylink.o [1]
sprintbuf               0x1f0825d3   0x56  Code  Gb  printbuf.o [1]
sprintf                 0x1f073b71   0x34  Code  Gb  sprintf.o [6]
srand                   0x1f07a329   0x20  Code  Gb  srand.o [6]
sscanf                  0x1f08d089   0x24  Code  Gb  sscanf.o [6]
start_bonjour_service   0x1f08aac9  0x25c  Code  Lc  mico_mdns.o [1]
stdio_tx_mutex          0x0011c5f4    0x4  Data  Gb  moc_main.o [1]
str2hex                 0x1f089723   0x70  Code  Gb  StringUtils.o [1]
strcasecmp              0x1f090499   0x46  Code  Gb  strcasecmp.o [6]
strchr                  0x1f08b47d         Code  Gb  strchr.o [9]
strdup                  0x1f0829a9   0x18  Code  Gb  strdup.o [6]
strlen                  0x1f0781b1         Code  Gb  strlen.o [9]
strncasecmp             0x1f0935d5   0x4e  Code  Gb  strncasecmp.o [6]
strncmp                 0x1f073731   0x2a  Code  Gb  strncmp.o [6]
strnicmp                0x1f0898b9   0x3c  Code  Gb  StringUtils.o [1]
strnicmp_suffix         0x1f089f4f   0x2a  Code  Gb  StringUtils.o [1]
strnicmpx               0x1f0898fb   0x40  Code  Gb  StringUtils.o [1]
strnlen                 0x1f091ae5   0x16  Code  Gb  strnlen.o [6]
subdevice_clear_invalid_record
                        0x1f064491   0x9e  Code  Gb  devicemanager.o [1]
switch_active_firmware  0x1f077365    0xa  Code  Gb  moc_api.o [1]
sys_context             0x0011c5cc    0x4  Data  Gb  mico_system_para_storage.o [1]
system_config_mode_worker
                        0x1f07588d   0xae  Code  Lc  mico_system_init.o [1]
system_connect_wifi_fast
                        0x1f0769b1   0xee  Code  Gb  system_misc.o [1]
system_connect_wifi_normal
                        0x1f0768d7   0xd6  Code  Gb  system_misc.o [1]
system_context          0x1f0762a9    0x8  Code  Gb  system_misc.o [1]
system_discovery_init   0x1f087115  0x206  Code  Gb  system_discovery.o [1]
system_easylink_start   0x1f084b35  0x136  Code  Gb  system_easylink.o [1]
system_lib_version      0x1f077333    0xa  Code  Gb  moc_api.o [1]
system_monitors         0x0011c550   0x14  Data  Lc  mico_system_monitor.o [1]
system_network_daemen_start
                        0x1f076a9f  0x1e0  Code  Gb  system_misc.o [1]
system_notification_init
                        0x1f0766f9  0x1de  Code  Gb  system_misc.o [1]
tab_complete            0x1f0862a1   0xb6  Code  Lc  mico_cli.o [1]
targtime                0x0011d778    0x4  Data  Gb  xlink_demo.o [1]
taskLock                0x0011c8fc    0x4  Data  Lc  timer_task.o [1]
task_Command            0x1f07726b   0x10  Code  Gb  moc_api.o [1]
tcp_m_id                0x0011df0e    0x2  Data  Gb  Xlink_PassThroughResolve.o [1]
tcp_send_sta_mutex      0x0011d6f0    0x4  Data  Lc  xlink_demo.o [1]
tcp_timer               0x0011de4c    0x8  Data  Lc  xlink_tcp_client.o [4]
temptime.7741           0x0011df10    0xa  Data  Lc  xlink_process_tcp_data.o [4]
tftp_Command            0x1f0864cd   0xfe  Code  Lc  mico_cli.o [1]
tftp_ota                0x1f08fab3  0x5c0  Code  Gb  tftp_ota.o [1]
tftp_ota_thread         0x1f086655   0x10  Code  Gb  mico_cli.o [1]
tget                    0x1f08f70b  0x204  Code  Gb  tftpc.o [1]
time_callback           0x1f074abf  0x104  Code  Lc  xlink_demo.o [1]
timed_event_handler     0x1f06b1a1   0x14  Code  Lc  mico_rtos_common.o [1]
timeoutal.7819          0x0011de54    0x8  Data  Lc  xlink_net.o [4]
timer_control_add_request
                        0x1f06d869  0x34a  Code  Lc  timercontrol.o [1]
timer_control_delete_request
                        0x1f06c4e1  0x15c  Code  Lc  timercontrol.o [1]
timer_control_init      0x1f06e5e7   0x84  Code  Gb  user_main.o [1]
timer_control_modify_request
                        0x1f06d5dd  0x286  Code  Lc  timercontrol.o [1]
timer_control_update_status_request
                        0x1f06c27f  0x1bc  Code  Gb  timercontrol.o [1]
timer_ctrl_delete_request
                        0x1f06c131  0x148  Code  Gb  timercontrol.o [1]
timer_ctrl_modify_request
                        0x1f06c6a5  0x5ba  Code  Gb  timercontrol.o [1]
timer_ctrl_new_add_request
                        0x1f06ccd9  0x55a  Code  Gb  timercontrol.o [1]
timer_ctrl_start_request
                        0x1f06bf7d  0x1ae  Code  Gb  timercontrol.o [1]
timer_ctrl_stop_request
                        0x1f06bdc9  0x19c  Code  Gb  timercontrol.o [1]
timer_head              0x0011c108    0x4  Data  Gb  mico_rtos_common.o [1]
timer_list_request      0x1f06b9b1  0x396  Code  Gb  timercontrol.o [1]
timer_scene_control     0x1f069afd   0xaa  Code  Gb  timerinterexec.o [1]
timer_sem               0x0011c114    0x4  Data  Lc  mico_rtos_common.o [1]
timer_single_control    0x1f0699f9   0xfa  Code  Gb  timerinterexec.o [1]
timer_thread_func       0x1f06b269   0x78  Code  Lc  mico_rtos_common.o [1]
timer_thread_wait       0x0011c110    0x4  Data  Lc  mico_rtos_common.o [1]
timerarray              0x0011c960   0x90  Data  Lc  user_main.o [1]
timerctrl_func_exec_start
                        0x1f07b3d5   0x60  Code  Lc  timerctrl.o [1]
tolower                 0x1f07b35d   0x14  Code  Gb  tolower.o [6]
tsend                   0x1f08f369  0x39a  Code  Gb  tftpc.o [1]
tskHead                 0x0011c8f8    0x4  Data  Gb  timer_task.o [1]
uap_stop                0x1f0770f9    0xc  Code  Gb  moc_api.o [1]
uart_idle_irq_sem       0x0011c890    0x4  Data  Gb  rs485_uart.o [1]
uart_recv_thread        0x1f078e6b  0x100  Code  Lc  appmainmsgqueue.o [1]
uart_zigbee_msg_dispatch
                        0x1f0706c1  0x232  Code  Gb  zigbeeparse.o [1]
uart_zigbee_msg_insertinto_queue
                        0x1f0708f9  0x126  Code  Gb  zigbeeparse.o [1]
uart_zigbee_msg_recv    0x1f070bc7   0x30  Code  Gb  zigbeeparse.o [1]
uart_zigbee_msg_recv_queue
                        0x0011d8e0    0x4  Data  Lc  zigbeeparse.o [1]
uart_zigbee_msg_recv_queue_mutex
                        0x0011d8e4    0x4  Data  Lc  zigbeeparse.o [1]
uart_zigbee_queue_init  0x1f070ba7   0x20  Code  Gb  zigbeeparse.o [1]
uart_zigbee_recv_start  0x1f070c71  0x17e  Code  Gb  zigbeeparse.o [1]
udpPipeIndex            0x0011df1f    0x1  Data  Lc  xlink_process_udp_data.o [4]
udp_m_id                0x0011df0c    0x2  Data  Gb  Xlink_PassThroughResolve.o [1]
udp_pipe_call           0x1f074813    0xc  Code  Lc  xlink_demo.o [1]
upMd5IsOk               0x0011d76e    0x1  Data  Lc  xlink_demo.o [1]
update_device_state     0x1f065851  0x16a  Code  Gb  devicemanager.o [1]
update_state_fd         0x0011c0f8    0x4  Data  Lc  mico_mdns.o [1]
update_state_sem        0x0011c0f4    0x4  Data  Lc  mico_mdns.o [1]
upgrade_done            0x1f083317   0x60  Code  Gb  OTAupgrade.o [1]
upgrade_process         0x1f08321d   0xfa  Code  Gb  OTAupgrade.o [1]
upgrade_task            0x1f074d45   0xf0  Code  Gb  xlink_demo.o [1]
uptime_Command          0x1f086627   0x2e  Code  Lc  mico_cli.o [1]
urlbuf                  0x0011d784  0x100  Data  Lc  xlink_demo.o [1]
userDataStoreInit       0x1f06b3f1   0x76  Code  Gb  user_data_store.o [1]
user_application        0x1f06e727  0x196  Code  Gb  user_main.o [1]
user_clis               0x1f087108    0xc  Data  Lc  mico_cli.o [1]
user_config             0x0011d6f4   0x70  Data  Gb  xlink_demo.o [1]
user_data_flash_write_process
                        0x1f06b467   0xc2  Code  Lc  user_data_store.o [1]
user_data_store_update  0x1f06b529   0x6a  Code  Gb  user_data_store.o [1]
user_handler            0x1f064000   0x74  Data  Gb  moc_main.o [1]
user_uartInit           0x1f069167   0x86  Code  Gb  user_uart.o [1]
user_uartSend           0x1f0691ed   0xfa  Code  Gb  user_uart.o [1]
utf8_replacement_char   0x0011c0dc    0x4  Data  Lc  json_tokener.o [1]
vasprintf               0x1f082587   0x40  Code  Gb  printbuf.o [1]
vprintf                 0x1f08d06d   0x18  Code  Gb  vprintf.o [6]
vsnprintf               0x1f08d005   0x3c  Code  Gb  vsnprint.o [6]
vsprintf                0x1f08d041   0x2c  Code  Gb  vsprintf.o [6]
wifi_config_net_sem     0x0011c9f0    0x4  Data  Gb  user_main.o [1]
wifi_config_press_irq_cb
                        0x1f06e283    0x8  Code  Gb  user_main.o [1]
wifi_connect_sta_mutex  0x0011d6ec    0x4  Data  Gb  xlink_demo.o [1]
wifi_key_button_press_callback
                        0x1f06e26f   0x14  Code  Lc  user_main.o [1]
wifi_keybutton_press    0x1f06e1f3   0x7c  Code  Gb  user_main.o [1]
wifi_led_onoff          0x1f073939  0x122  Code  Gb  wifi_led.o [1]
wifi_led_quick_glitter_start
                        0x1f07385b   0x5c  Code  Gb  wifi_led.o [1]
wifi_led_slow_glitter_start
                        0x1f0737fd   0x5e  Code  Gb  wifi_led.o [1]
wifi_lighten_led_color  0x1f068761   0x66  Code  Gb  MICOAppEntrance.o [1]
wifi_ota_glitter_start  0x1f0738d3   0x5e  Code  Gb  wifi_led.o [1]
wifi_power_down         0x1f0770d5    0xc  Code  Gb  moc_api.o [1]
wifi_power_up           0x1f0770e1    0xc  Code  Gb  moc_api.o [1]
wifi_reboot_event       0x1f08b1e1   0x16  Code  Gb  mico_system_notification.o [1]
wifi_up                 0x0011c8f4    0x4  Data  Lc  tftp_ota.o [1]
wifidebug_Command       0x1f07720b   0x10  Code  Gb  moc_api.o [1]
wifiscan_Command        0x1f07721b   0x10  Code  Gb  moc_api.o [1]
wifistate_Command       0x1f0771fb   0x10  Code  Gb  moc_api.o [1]
wlan_disconnect         0x1f0770ed    0xc  Code  Gb  moc_api.o [1]
wlan_driver_version     0x1f0772db    0xc  Code  Gb  moc_api.o [1]
wlan_get_mac_address    0x1f0772e7    0xc  Code  Gb  moc_api.o [1]
worker_thread_main      0x1f06b129   0x1c  Code  Lc  mico_rtos_common.o [1]
write                   0x1f08d56f    0xc  Code  Gb  mico_socket.o [1]
write_scene_info        0x1f0681bd  0x17a  Code  Gb  devicemanager.o [1]
writeconfig             0x1f083cb1   0x38  Code  Lc  xlink_config.o [1]
xlinkClientReSet        0x1f096d9d   0x2c  Code  Gb  xlink_client.o [4]
xlinkConfigInit         0x1f083c99   0x18  Code  Gb  xlink_config.o [1]
xlinkGetHostByName      0x1f08d631   0xac  Code  Gb  xlink_net.o [4]
xlinkGetMd5             0x1f092f3d   0x48  Code  Gb  xlink_md5.o [4]
xlinkHttpLoop           0x1f083633  0x230  Code  Lc  xlinkHttp.o [1]
xlinkHttpMd5Init        0x1f08d4c9   0x2c  Code  Gb  xlink_md5.o [4]
xlinkHttpStartDownFile  0x1f08350d  0x120  Code  Gb  xlinkHttp.o [1]
xlinkSendRetPWDPackage  0x1f097045   0x74  Code  Lc  xlink_process_tcp_data.o [4]
xlinkSendRetPackage     0x1f096d5d   0x3e  Code  Lc  xlink_process_udp_data.o [4]
xlink_GetServerTime     0x1f094885   0x7c  Code  Gb  xlink_tcp_client.o [4]
xlink_call_reboot       0x1f082bf1   0x58  Code  Gb  Xlink_PassThroughResolve.o [1]
xlink_config_mutex      0x0011d230    0x4  Data  Lc  xlink_config.o [1]
xlink_demo_init         0x1f07481f    0xe  Code  Gb  xlink_demo.o [1]
xlink_demo_work_init    0x1f074e47  0x1d0  Code  Lc  xlink_demo.o [1]
xlink_domain_loop       0x1f07509f  0x108  Code  Gb  xlink_demo.o [1]
xlink_event             0x0011de5c    0x4  Data  Lc  xlink_net.o [4]
xlink_function_thread   0x1f07506d   0x32  Code  Gb  xlink_demo.o [1]
xlink_net_loop          0x1f08da5d  0x294  Code  Gb  xlink_net.o [4]
xlink_net_loop_Domain_name
                        0x1f08dcf1  0x310  Code  Gb  xlink_net.o [4]
xlink_net_setSystemTime
                        0x1f0970c5   0x78  Code  Gb  xlink_system.o [4]
xlink_notify_cb         0x1f074e45    0x2  Code  Gb  xlink_demo.o [1]
xlink_process_set_pwd   0x1f0966b9   0xf0  Code  Gb  xlink_process_tcp_data.o [4]
xlink_process_tcp_data  0x1f094ac9  0x858  Code  Gb  xlink_process_tcp_data.o [4]
xlink_process_tcp_event_res
                        0x1f0968cd   0x70  Code  Gb  xlink_process_tcp_data.o [4]
xlink_process_tcp_notify
                        0x1f09693d   0x30  Code  Gb  xlink_process_tcp_data.o [4]
xlink_process_tcp_probe_V2
                        0x1f0967a9  0x124  Code  Lc  xlink_process_tcp_data.o [4]
xlink_recvDtatBufer.7737
                        0x0011df20  0x432  Data  Lc  xlink_net.o [4]
xlink_start_flag        0x0011d8cc    0x1  Data  Gb  xlink_demo.o [1]
xlink_tcp_send_upgrade  0x1f083e45   0xa0  Code  Gb  xlink_tcp_client.o [4]
xlinkhttpErrorCallBack_t
                        0x1f074c0d   0x9c  Code  Gb  xlink_demo.o [1]
xlinkhttpRecvDataCallBack_t
                        0x1f074bc5   0x46  Code  Gb  xlink_demo.o [1]
xlinkhttpStaCallBack_t  0x1f074bc3    0x2  Code  Gb  xlink_demo.o [1]
xsdk_closeTCP           0x1f09310d   0x58  Code  Gb  xlink_net.o [4]
xsdk_closeUDP           0x1f0930f5   0x18  Code  Gb  xlink_net.o [4]
xsdk_config_init        0x1f08d719  0x1fc  Code  Gb  xsdk_config.o [4]
xsdk_config_save        0x1f083fc1  0x148  Code  Gb  xsdk_config.o [4]
xsdk_flash              0x0011de60   0xac  Data  Lc  xsdk_config.o [4]
xsdk_read_config        0x1f092f85   0xac  Code  Gb  xsdk_config.o [4]
xsdk_tiemr_timerout     0x1f094911   0x24  Code  Gb  xsdk_config.o [4]
xsdk_timer_set          0x1f094901   0x10  Code  Gb  xsdk_config.o [4]
xsdk_write_config       0x1f083ee5   0xdc  Code  Gb  xsdk_config.o [4]
zigbee_add_sensor_device2list
                        0x1f071879  0x49c  Code  Gb  sensormanager.o [1]
zigbee_airchange_delayTurnOffCb
                        0x1f06e28b   0x28  Code  Lc  user_main.o [1]
zigbee_airchange_timerStart
                        0x1f06e2cb   0x18  Code  Gb  user_main.o [1]
zigbee_airchange_timerStop
                        0x1f06e2b3   0x18  Code  Gb  user_main.o [1]
zigbee_check_ir_lightray_linakge_ctrl_condistions
                        0x1f07ea95  0x10c  Code  Gb  linkagemanager.o [1]
zigbee_check_linakge_airchange_ctrl_condistions
                        0x1f07e98d  0x108  Code  Gb  linkagemanager.o [1]
zigbee_create_net       0x1f070a25   0x64  Code  Gb  zigbeeparse.o [1]
zigbee_device_delete_from_net
                        0x1f070a89   0x7e  Code  Gb  zigbeeparse.o [1]
zigbee_init             0x1f070bf7   0x5e  Code  Gb  zigbeeparse.o [1]
zigbee_ir_lightray_delayTurnOffCb
                        0x1f06e2e3  0x14e  Code  Lc  user_main.o [1]
zigbee_ir_lightray_timerStart
                        0x1f06e451   0x26  Code  Gb  user_main.o [1]
zigbee_ir_lightray_timerStop
                        0x1f06e431   0x18  Code  Gb  user_main.o [1]
zigbee_msg_attribute_state_report
                        0x1f06edd5  0x12a  Code  Lc  zigbeeparse.o [1]
zigbee_msg_change_coordinator_channel
                        0x1f06f50d   0xe2  Code  Lc  zigbeeparse.o [1]
zigbee_msg_change_dev_channel
                        0x1f06f40d   0xf4  Code  Lc  zigbeeparse.o [1]
zigbee_msg_clear_device_info
                        0x1f0705f1   0xca  Code  Lc  zigbeeparse.o [1]
zigbee_msg_config_network
                        0x1f06f019   0xf4  Code  Lc  zigbeeparse.o [1]
zigbee_msg_delete_dev_joined
                        0x1f06f30f   0xf4  Code  Lc  zigbeeparse.o [1]
zigbee_msg_dev_joined_request
                        0x1f06f221   0xe0  Code  Lc  zigbeeparse.o [1]
zigbee_msg_dev_quit_joined
                        0x1f06fabd  0x1a6  Code  Lc  zigbeeparse.o [1]
zigbee_msg_dev_request_mac_addr
                        0x1f06ff0d  0x18a  Code  Lc  zigbeeparse.o [1]
zigbee_msg_dev_request_net_addr
                        0x1f06fd71  0x194  Code  Lc  zigbeeparse.o [1]
zigbee_msg_device_state_resp
                        0x1f070271  0x144  Code  Lc  zigbeeparse.o [1]
zigbee_msg_endpoint_state
                        0x1f06f869  0x1fc  Code  Lc  zigbeeparse.o [1]
zigbee_msg_invalid      0x1f06ef05   0xde  Code  Lc  zigbeeparse.o [1]
zigbee_msg_request_net_id
                        0x1f06eb8b  0x21c  Code  Lc  zigbeeparse.o [1]
zigbee_msg_send_error_code
                        0x1f06fcb1   0xc0  Code  Lc  zigbeeparse.o [1]
zigbee_msg_set_coordinator_channel
                        0x1f06f5f9   0xe2  Code  Lc  zigbeeparse.o [1]
zigbee_msg_set_dev_join_allow
                        0x1f06f119   0xf2  Code  Lc  zigbeeparse.o [1]
zigbee_msg_stack_info   0x1f06f6e5  0x138  Code  Lc  zigbeeparse.o [1]
zigbee_msg_zcl_zdo      0x1f0703e1  0x1b0  Code  Lc  zigbeeparse.o [1]
zigbee_new_device_add_report
                        0x1f0664dd  0x350  Code  Gb  devicemanager.o [1]
zigbee_parser_scene_cluster_msg
                        0x1f07012d  0x120  Code  Lc  zigbeeparse.o [1]
zigbee_send_airchange_control
                        0x1f0698af   0x7a  Code  Gb  timerinterexec.o [1]
zigbee_send_light_single_control
                        0x1f06982b   0x84  Code  Gb  timerinterexec.o [1]
zigbee_send_scene_control
                        0x1f069739   0x4c  Code  Gb  timerinterexec.o [1]
zigbee_sensor_linkage_control_airchange
                        0x1f064075  0x1bc  Code  Gb  devicemanager.o [1]
zigbee_sensor_linkage_param_init
                        0x1f071231   0x92  Code  Gb  sensormanager.o [1]
zigbee_sensor_linkage_turnon_light_device
                        0x1f064261  0x1d8  Code  Gb  devicemanager.o [1]
zigbee_sensor_new_device_add_report
                        0x1f072a81  0x52a  Code  Gb  sensormanager.o [1]


[1] = E:\MiCO_B_v3.2.3-1\Projects\MW3xx\demo\EWARM\MK3031\Obj
[2] = command line
[3] = Lib_MFi_WAC.Cortex-M4F.IAR.release.a
[4] = Lib_xlink_app_v34700.Cortex-M4.GCC.release.a
[5] = MiCODriverMFiAuth.a
[6] = dl7M_tlf.a
[7] = libairkiss.a
[8] = m7M_tls.a
[9] = rt7M_tl.a
[10] = shb_l.a

  209 820 bytes of readonly  code memory
    6 978 bytes of readonly  data memory
    9 046 bytes of readwrite data memory

Errors: none
Warnings: 4
